[
  {
    "selection": "high_sys",
    "fraction": 1.0,
    "n": 14336,
    "pooled_spearman": -0.9440234832139277,
    "mean_group_spearman": -0.9400314337571568,
    "median_group_spearman": -0.9539173975042456,
    "negative_groups": 18,
    "groups": 18,
    "min_group_spearman": -0.997102339782562,
    "max_group_spearman": -0.840943772816745
  },
  {
    "selection": "high_sys",
    "fraction": 0.5,
    "n": 7168,
    "pooled_spearman": -0.7585409157053973,
    "mean_group_spearman": -0.7485849796136902,
    "median_group_spearman": -0.7690122418752197,
    "negative_groups": 18,
    "groups": 18,
    "min_group_spearman": -0.9773826332383468,
    "max_group_spearman": -0.4839851796749828
  },
  {
    "selection": "high_sys",
    "fraction": 0.2,
    "n": 2874,
    "pooled_spearman": -0.49610924873057916,
    "mean_group_spearman": -0.4873934957444729,
    "median_group_spearman": -0.4421539340157273,
    "negative_groups": 18,
    "groups": 18,
    "min_group_spearman": -0.7595004944909528,
    "max_group_spearman": -0.21236227382262401
  },
  {
    "selection": "high_sys",
    "fraction": 0.1,
    "n": 1446,
    "pooled_spearman": -0.2864220228814461,
    "mean_group_spearman": -0.28804906422952176,
    "median_group_spearman": -0.3411565980542738,
    "negative_groups": 17,
    "groups": 18,
    "min_group_spearman": -0.5876312436849273,
    "max_group_spearman": 0.017440583402890657
  },
  {
    "selection": "high_sys",
    "fraction": 0.05,
    "n": 728,
    "pooled_spearman": -0.23904702161582897,
    "mean_group_spearman": -0.22915247698821503,
    "median_group_spearman": -0.2593926975724978,
    "negative_groups": 16,
    "groups": 18,
    "min_group_spearman": -0.5788034188034188,
    "max_group_spearman": 0.15076923076923074
  },
  {
    "selection": "high_sys",
    "fraction": 0.02,
    "n": 298,
    "pooled_spearman": -0.1167570095155081,
    "mean_group_spearman": -0.07770562770562771,
    "median_group_spearman": -0.05454545454545454,
    "negative_groups": 10,
    "groups": 18,
    "min_group_spearman": -0.6636363636363638,
    "max_group_spearman": 0.6818181818181819
  },
  {
    "selection": "high_sys",
    "fraction": 0.01,
    "n": 158,
    "pooled_spearman": -0.036431715368626966,
    "mean_group_spearman": -0.023737373737373745,
    "median_group_spearman": -0.1668831168831169,
    "negative_groups": 13,
    "groups": 18,
    "min_group_spearman": -0.48571428571428577,
    "max_group_spearman": 0.942857142857143
  },
  {
    "selection": "low_R",
    "fraction": 1.0,
    "n": 14336,
    "pooled_spearman": -0.9440234832139277,
    "mean_group_spearman": -0.9400314337571568,
    "median_group_spearman": -0.9539173975042456,
    "negative_groups": 18,
    "groups": 18,
    "min_group_spearman": -0.997102339782562,
    "max_group_spearman": -0.840943772816745
  },
  {
    "selection": "low_R",
    "fraction": 0.5,
    "n": 7168,
    "pooled_spearman": -0.7457724545022204,
    "mean_group_spearman": -0.7365121127492019,
    "median_group_spearman": -0.7635568614335835,
    "negative_groups": 18,
    "groups": 18,
    "min_group_spearman": -0.9773837061260457,
    "max_group_spearman": -0.4496143326352411
  },
  {
    "selection": "low_R",
    "fraction": 0.2,
    "n": 2874,
    "pooled_spearman": -0.433798464434917,
    "mean_group_spearman": -0.41815067824491003,
    "median_group_spearman": -0.3846428414532356,
    "negative_groups": 18,
    "groups": 18,
    "min_group_spearman": -0.7675558217603877,
    "max_group_spearman": -0.05434257347449809
  },
  {
    "selection": "low_R",
    "fraction": 0.1,
    "n": 1446,
    "pooled_spearman": -0.2215426132267311,
    "mean_group_spearman": -0.21174212565519956,
    "median_group_spearman": -0.14044721697491544,
    "negative_groups": 15,
    "groups": 18,
    "min_group_spearman": -0.6012498352589729,
    "max_group_spearman": 0.06489698194438343
  },
  {
    "selection": "low_R",
    "fraction": 0.05,
    "n": 728,
    "pooled_spearman": -0.11271073472908336,
    "mean_group_spearman": -0.11835029770656849,
    "median_group_spearman": -0.08820569737328893,
    "negative_groups": 11,
    "groups": 18,
    "min_group_spearman": -0.5534875779048919,
    "max_group_spearman": 0.18415435840519082
  },
  {
    "selection": "low_R",
    "fraction": 0.02,
    "n": 298,
    "pooled_spearman": 0.01915676981186896,
    "mean_group_spearman": 0.007792207792207777,
    "median_group_spearman": 0.06753246753246754,
    "negative_groups": 7,
    "groups": 18,
    "min_group_spearman": -0.6558441558441558,
    "max_group_spearman": 0.34935064935064936
  },
  {
    "selection": "low_R",
    "fraction": 0.01,
    "n": 158,
    "pooled_spearman": 0.035484166768553614,
    "mean_group_spearman": 0.023232323232323257,
    "median_group_spearman": -0.05194805194805196,
    "negative_groups": 10,
    "groups": 18,
    "min_group_spearman": -0.790909090909091,
    "max_group_spearman": 0.942857142857143
  }
]
Installed 11 packages in 25ms
