    Finished `release` profile [optimized + debuginfo] target(s) in 0.11s
     Running `target/release/visualization hko_pentagon /tmp/msc-structural-figures-20261004/viewer-packet/viewer/data/hko_pentagon.json`
Computing orbits for hko_pentagon...
  Found 717 orbits (min action = 3.440955, max action = 9.008537)
  min-action orbit (c=3.4410) → 6 segments, facets [0, 1, 7, 3, 9, 5]
  min-action orbit #2 (c=3.4410) → 7 segments, facets [1, 8, 7, 3, 4, 5, 9]
  min-action orbit #3 (c=3.4410) → 6 segments, facets [0, 1, 7, 6, 3, 9]
  min-action orbit #4 (c=3.4410) → 7 segments, facets [0, 1, 7, 6, 3, 9, 5]
  min-action orbit #5 (c=3.4410) → 7 segments, facets [0, 6, 2, 7, 3, 9, 8]
  min-action orbit #6 (c=3.4410) → 7 segments, facets [0, 6, 2, 8, 7, 3, 9]
  min-action orbit #7 (c=3.4410) → 6 segments, facets [0, 6, 7, 2, 3, 9]
  min-action orbit #8 (c=3.4410) → 7 segments, facets [0, 6, 7, 3, 9, 5, 1]
  min-action orbit #9 (c=3.4410) → 7 segments, facets [1, 2, 7, 8, 3, 4, 5]
  min-action orbit #10 (c=3.4410) → 7 segments, facets [1, 2, 7, 8, 4, 3, 5]
  min-action orbit #11 (c=3.4410) → 7 segments, facets [1, 2, 8, 7, 4, 3, 5]
  min-action orbit #12 (c=3.4410) → 7 segments, facets [0, 1, 6, 7, 2, 3, 9]
  min-action orbit #13 (c=3.4410) → 7 segments, facets [0, 1, 7, 4, 3, 9, 5]
  min-action orbit #14 (c=3.4410) → 7 segments, facets [0, 1, 7, 6, 3, 2, 9]
  min-action orbit #15 (c=3.4410) → 7 segments, facets [0, 4, 6, 5, 2, 9, 8]
  min-action orbit #16 (c=3.4410) → 7 segments, facets [0, 5, 1, 7, 4, 3, 9]
  min-action orbit #17 (c=3.4410) → 7 segments, facets [0, 5, 6, 2, 8, 4, 9]
  min-action orbit #18 (c=3.4410) → 6 segments, facets [0, 6, 2, 8, 3, 9]
  min-action orbit #19 (c=3.4410) → 7 segments, facets [0, 6, 2, 8, 4, 5, 9]
  min-action orbit #20 (c=3.4410) → 7 segments, facets [0, 6, 3, 2, 8, 4, 9]
  Capped at 20 orbits (skipped 697)
  Two-face F_0 ∩ F_5: 2 displacement direction(s)
  displaced v1 (ε=0.02) → 6 segments, closed=false
  displaced v2 (ε=0.02) → 6 segments, closed=false
Exported hko_pentagon: 25 vertices, 50 edges, 35 ridges, 22 trajectories → /tmp/msc-structural-figures-20261004/viewer-packet/viewer/data/hko_pentagon.json
