    Checking symplectic v0.1.0 (/workspaces/msc-math/crates/symplectic)
    Checking exp-sys-landscape v0.1.0 (/workspaces/msc-math/experiments/sys-landscape)
    Checking exp-combinatorial-cells v0.1.0 (/workspaces/msc-math/experiments/combinatorial-cells)
    Checking exp-hko-local-maximum v0.1.0 (/workspaces/msc-math/experiments/hko-local-maximum)
    Checking exp-regular-products v0.1.0 (/workspaces/msc-math/experiments/regular-products)
    Checking dev-capacity-validation v0.1.0 (/workspaces/msc-math/experiments/verification)
    Checking exp-dev-qp-numerics-audit v0.1.0 (/workspaces/msc-math/experiments/dev-quadratic-program/numerics-audit)
    Checking visualization v0.1.0 (/workspaces/msc-math/experiments/visualization)
    Checking crosspolytope v0.1.0 (/workspaces/msc-math/experiments/crosspolytope)
    Checking exp-dev-flow-graph v0.1.0 (/workspaces/msc-math/experiments/dev-flow-graph)
    Checking exp-dev-quadratic-program v0.1.0 (/workspaces/msc-math/experiments/dev-quadratic-program)
    Checking exp-canonization-t-search v0.1.0 (/workspaces/msc-math/experiments/canonization-t-search)
    Checking exp-polytope-invariant-table v0.1.0 (/workspaces/msc-math/experiments/polytope-invariant-table)
    Checking exp-sys-datascience v0.1.0 (/workspaces/msc-math/experiments/sys-datascience)
    Checking exp-polytope-datasets v0.1.0 (/workspaces/msc-math/experiments/polytope-datasets)
    Checking exp-local-maxima-check v0.1.0 (/workspaces/msc-math/experiments/local-maxima-check)
    Checking optimizer-runs v0.1.0 (/workspaces/msc-math/experiments/dev-gradient-ascent/optimizer-runs)
    Checking exp-qp-general-algorithms v0.1.0 (/workspaces/msc-math/experiments/dev-quadratic-program/tools/general_algorithm_ablation)
    Checking exp-performance v0.1.0 (/workspaces/msc-math/experiments/performance)
    Checking exp-qp-error-evidence v0.1.0 (/workspaces/msc-math/experiments/qp-error-bounds)
    Checking exp-dev-gradient-ascent v0.1.0 (/workspaces/msc-math/experiments/dev-gradient-ascent)
    Checking exp-dev-sys-prediction v0.1.0 (/workspaces/msc-math/experiments/dev-sys-prediction)
    Finished `dev` profile [unoptimized + debuginfo] target(s) in 5.08s
