Independent 48-simplex volume and all 40 volume derivatives PASS
All 960 upper-section gradient entries and positive relation PASS
Independent symmetry basis and full chart rank PASS
Independent complete product enumeration PASS
Fubini volume and all exact W-line sections PASS
{
  "status": "PASS",
  "independent_of_submitted_modules": true,
  "certificate_sha256": "da8f8f15bcd2c4c117c92b7a351b08f06c16a90ba4b74a8025be24ffdb3e459e",
  "geometry": {
    "vertices": 24,
    "facets": 10,
    "simple": true,
    "volume": "1/2",
    "independent_triangulation_simplices": 48
  },
  "gradient_entries_recomputed": 960,
  "gradient_rank": 22,
  "min_lambda": "3/36617",
  "symmetry_rank": 15,
  "equality_rank_mod_symmetry": 2,
  "full_chart_rank": 40,
  "product_capacity": {
    "cases": 624,
    "maximum_Q": "1/2",
    "capacity": "1",
    "tight_cases": 12,
    "strict_Q_gap": "1/14"
  },
  "p_slice_area": "x**2*z**2/8 - x*z/2 - y**2*z**2/24 + 1/2",
  "volume_W_line": "(13*z**2 + 864)/1728",
  "all_24_Q_W_line": [
    "1/2",
    "1/2",
    "1/2",
    "1/2",
    "1/2",
    "1/2",
    "1/2",
    "1/2",
    "1/2",
    "1/2",
    "1/2",
    "1/2",
    "1/2",
    "1/2",
    "1/2",
    "1/2",
    "1/2",
    "1/2",
    "1/2",
    "1/2",
    "1/2",
    "1/2",
    "1/2",
    "1/2"
  ],
  "common_U_W_line": "864/(13*z**2 + 864)",
  "common_U_second_derivative": "-13/432",
  "qualifier": "This checks algebra. Neighborhood implication is reviewed separately; no claim to compute the actual full capacity away from the product family.",
  "python": "3.13.3",
  "sympy": "1.14.0",
  "elapsed_seconds": 3.551142393000191
}
