=== Crosspolytope EHZ Capacity Experiment ===
Facets: 16
Total search space: 3809950976992 (S,σ) pairs
Starting computation...

[    0.0s] m= 2/16 DONE | this_m:          112 eval,            8 pruned (  6.7%) of          120 | cumul:          112 eval,            8 pruned | progress: 0.000000% | best: none | ETA: 21654460s (total est: 21654460s)
[    0.0s] m= 3/16 DONE | this_m:          896 eval,          224 pruned ( 20.0%) of         1120 | cumul:         1008 eval,          232 pruned | progress: 0.000000% | best: none | ETA: 25988505s (total est: 25988505s)
[    0.1s] m= 4/16 DONE | this_m:         8120 eval,         2800 pruned ( 25.6%) of        10920 | cumul:         9128 eval,         3032 pruned | progress: 0.000000% | best: 4.000000 | ETA: 20324323s (total est: 20324324s)
[    0.7s] m= 5/16 DONE | this_m:        72576 eval,        32256 pruned ( 30.8%) of       104832 | cumul:        81704 eval,        35288 pruned | progress: 0.000003% | best: 4.000000 | ETA: 23593779s (total est: 23593779s)
[    7.7s] m= 6/16 DONE | this_m:       620032 eval,       340928 pruned ( 35.5%) of       960960 | cumul:       701736 eval,       376216 pruned | progress: 0.000028% | best: 4.000000 | ETA: 27372137s (total est: 27372144s)
[   10.0s] m= 7/16 ...  | this_m:       159642 eval,        83190 pruned ( 34.3%) of      8236800 | cumul:       861378 eval,       459406 pruned | progress: 0.000035% | best: 4.000000 | ETA: 28846128s (total est: 28846138s)
[   20.0s] m= 7/16 ...  | this_m:       866212 eval,       558232 pruned ( 39.2%) of      8236800 | cumul:      1567948 eval,       934448 pruned | progress: 0.000066% | best: 4.000000 | ETA: 30450420s (total est: 30450440s)
[   30.0s] m= 7/16 ...  | this_m:      1572245 eval,      1030082 pruned ( 39.6%) of      8236800 | cumul:      2273981 eval,      1406298 pruned | progress: 0.000097% | best: 4.000000 | ETA: 31057021s (total est: 31057051s)
[   40.0s] m= 7/16 ...  | this_m:      2282482 eval,      1498856 pruned ( 39.6%) of      8236800 | cumul:      2984218 eval,      1875072 pruned | progress: 0.000128% | best: 4.000000 | ETA: 31362187s (total est: 31362227s)
[   50.0s] m= 7/16 ...  | this_m:      2989763 eval,      1987340 pruned ( 39.9%) of      8236800 | cumul:      3691499 eval,      2363556 pruned | progress: 0.000159% | best: 4.000000 | ETA: 31460888s (total est: 31460938s)
[   60.0s] m= 7/16 ...  | this_m:      3694244 eval,      2464166 pruned ( 40.0%) of      8236800 | cumul:      4395980 eval,      2840382 pruned | progress: 0.000190% | best: 4.000000 | ETA: 31590017s (total est: 31590077s)
[   70.0s] m= 7/16 ...  | this_m:      4406696 eval,      2949656 pruned ( 40.1%) of      8236800 | cumul:      5108432 eval,      3325872 pruned | progress: 0.000221% | best: 4.000000 | ETA: 31620416s (total est: 31620486s)
[   77.7s] m= 7/16 DONE | this_m:      4957440 eval,      3279360 pruned ( 39.8%) of      8236800 | cumul:      5659176 eval,      3655576 pruned | progress: 0.000244% | best: 4.000000 | ETA: 31799976s (total est: 31800054s)
[   80.0s] m= 8/16 ...  | this_m:       139785 eval,        61040 pruned ( 30.4%) of     64864800 | cumul:      5798961 eval,      3716616 pruned | progress: 0.000250% | best: 4.000000 | ETA: 32031222s (total est: 32031302s)
[   90.0s] m= 8/16 ...  | this_m:       752597 eval,       442302 pruned ( 37.0%) of     64864800 | cumul:      6411773 eval,      4097878 pruned | progress: 0.000276% | best: 4.000000 | ETA: 32626670s (total est: 32626760s)
[  100.0s] m= 8/16 ...  | this_m:      1359410 eval,       899328 pruned ( 39.8%) of     64864800 | cumul:      7018586 eval,      4554904 pruned | progress: 0.000304% | best: 4.000000 | ETA: 32919566s (total est: 32919666s)
[  110.0s] m= 8/16 ...  | this_m:      1968686 eval,      1334064 pruned ( 40.4%) of     64864800 | cumul:      7627862 eval,      4989640 pruned | progress: 0.000331% | best: 4.000000 | ETA: 33215259s (total est: 33215369s)
[  120.0s] m= 8/16 ...  | this_m:      2571861 eval,      1805328 pruned ( 41.2%) of     64864800 | cumul:      8231037 eval,      5460904 pruned | progress: 0.000359% | best: 4.000000 | ETA: 33391388s (total est: 33391508s)
[  130.0s] m= 8/16 ...  | this_m:      3170628 eval,      2297760 pruned ( 42.0%) of     64864800 | cumul:      8829804 eval,      5953336 pruned | progress: 0.000388% | best: 4.000000 | ETA: 33503856s (total est: 33503986s)
[  140.0s] m= 8/16 ...  | this_m:      3773424 eval,      2777280 pruned ( 42.4%) of     64864800 | cumul:      9432600 eval,      6432856 pruned | progress: 0.000416% | best: 4.000000 | ETA: 33619673s (total est: 33619813s)
[  150.0s] m= 8/16 ...  | this_m:      4386777 eval,      3228338 pruned ( 42.4%) of     64864800 | cumul:     10045953 eval,      6883914 pruned | progress: 0.000444% | best: 4.000000 | ETA: 33756358s (total est: 33756508s)
[  160.0s] m= 8/16 ...  | this_m:      4992072 eval,      3700536 pruned ( 42.6%) of     64864800 | cumul:     10651248 eval,      7356112 pruned | progress: 0.000473% | best: 4.000000 | ETA: 33852262s (total est: 33852422s)
[  170.0s] m= 8/16 ...  | this_m:      5597544 eval,      4189416 pruned ( 42.8%) of     64864800 | cumul:     11256720 eval,      7844992 pruned | progress: 0.000501% | best: 4.000000 | ETA: 33907381s (total est: 33907551s)
[  180.0s] m= 8/16 ...  | this_m:      6206281 eval,      4671426 pruned ( 42.9%) of     64864800 | cumul:     11865457 eval,      8327002 pruned | progress: 0.000530% | best: 4.000000 | ETA: 33962588s (total est: 33962768s)
[  190.0s] m= 8/16 ...  | this_m:      6816108 eval,      5153818 pruned ( 43.1%) of     64864800 | cumul:     12475284 eval,      8809394 pruned | progress: 0.000559% | best: 4.000000 | ETA: 34009784s (total est: 34009974s)
[  200.0s] m= 8/16 ...  | this_m:      7420820 eval,      5662008 pruned ( 43.3%) of     64864800 | cumul:     13079996 eval,      9317584 pruned | progress: 0.000588% | best: 4.000000 | ETA: 34020925s (total est: 34021125s)
[  210.0s] m= 8/16 ...  | this_m:      8028199 eval,      6178926 pruned ( 43.5%) of     64864800 | cumul:     13687375 eval,      9834502 pruned | progress: 0.000617% | best: 4.000000 | ETA: 34014525s (total est: 34014735s)
[  220.0s] m= 8/16 ...  | this_m:      8627820 eval,      6606840 pruned ( 43.4%) of     64864800 | cumul:     14286996 eval,     10262416 pruned | progress: 0.000644% | best: 4.000000 | ETA: 34142753s (total est: 34142973s)
[  230.0s] m= 8/16 ...  | this_m:      9235803 eval,      7051872 pruned ( 43.3%) of     64864800 | cumul:     14894979 eval,     10707448 pruned | progress: 0.000672% | best: 4.000000 | ETA: 34226582s (total est: 34226812s)
[  240.0s] m= 8/16 ...  | this_m:      9841997 eval,      7524576 pruned ( 43.3%) of     64864800 | cumul:     15501173 eval,     11180152 pruned | progress: 0.000700% | best: 4.000000 | ETA: 34270509s (total est: 34270749s)
[  250.0s] m= 8/16 ...  | this_m:     10451581 eval,      8025901 pruned ( 43.4%) of     64864800 | cumul:     16110757 eval,     11681477 pruned | progress: 0.000729% | best: 4.000000 | ETA: 34271501s (total est: 34271751s)
[  260.0s] m= 8/16 ...  | this_m:     11062515 eval,      8503648 pruned ( 43.5%) of     64864800 | cumul:     16721691 eval,     12159224 pruned | progress: 0.000758% | best: 4.000000 | ETA: 34298794s (total est: 34299054s)
[  270.0s] m= 8/16 ...  | this_m:     11669144 eval,      8987154 pruned ( 43.5%) of     64864800 | cumul:     17328320 eval,     12642730 pruned | progress: 0.000787% | best: 4.000000 | ETA: 34322439s (total est: 34322709s)
[  280.0s] m= 8/16 ...  | this_m:     12273061 eval,      9496272 pruned ( 43.6%) of     64864800 | cumul:     17932237 eval,     13151848 pruned | progress: 0.000816% | best: 4.000000 | ETA: 34319121s (total est: 34319401s)
[  290.0s] m= 8/16 ...  | this_m:     12864520 eval,      9998472 pruned ( 43.7%) of     64864800 | cumul:     18523696 eval,     13654048 pruned | progress: 0.000845% | best: 4.000000 | ETA: 34336695s (total est: 34336985s)
[  300.0s] m= 8/16 ...  | this_m:     13468280 eval,     10443840 pruned ( 43.7%) of     64864800 | cumul:     19127456 eval,     14099416 pruned | progress: 0.000872% | best: 4.000000 | ETA: 34399154s (total est: 34399454s)
[  310.0s] m= 8/16 ...  | this_m:     14071260 eval,     10938323 pruned ( 43.7%) of     64864800 | cumul:     19730436 eval,     14593899 pruned | progress: 0.000901% | best: 4.000000 | ETA: 34409266s (total est: 34409576s)
[  320.0s] m= 8/16 ...  | this_m:     14674682 eval,     11423305 pruned ( 43.8%) of     64864800 | cumul:     20333858 eval,     15078881 pruned | progress: 0.000929% | best: 4.000000 | ETA: 34427556s (total est: 34427876s)
[  330.0s] m= 8/16 ...  | this_m:     15270645 eval,     11908783 pruned ( 43.8%) of     64864800 | cumul:     20929821 eval,     15564359 pruned | progress: 0.000958% | best: 4.000000 | ETA: 34451325s (total est: 34451655s)
[  340.0s] m= 8/16 ...  | this_m:     15867928 eval,     12401784 pruned ( 43.9%) of     64864800 | cumul:     21527104 eval,     16057360 pruned | progress: 0.000986% | best: 4.000000 | ETA: 34465616s (total est: 34465956s)
[  350.0s] m= 8/16 ...  | this_m:     16462865 eval,     12877604 pruned ( 43.9%) of     64864800 | cumul:     22122041 eval,     16533180 pruned | progress: 0.001015% | best: 4.000000 | ETA: 34496517s (total est: 34496867s)
[  360.0s] m= 8/16 ...  | this_m:     17059560 eval,     13362788 pruned ( 43.9%) of     64864800 | cumul:     22718736 eval,     17018364 pruned | progress: 0.001043% | best: 4.000000 | ETA: 34516089s (total est: 34516449s)
[  370.0s] m= 8/16 ...  | this_m:     17657722 eval,     13829688 pruned ( 43.9%) of     64864800 | cumul:     23316898 eval,     17485264 pruned | progress: 0.001071% | best: 4.000000 | ETA: 34548857s (total est: 34549227s)
[  380.0s] m= 8/16 ...  | this_m:     18256318 eval,     14220720 pruned ( 43.8%) of     64864800 | cumul:     23915494 eval,     17876296 pruned | progress: 0.001097% | best: 4.000000 | ETA: 34642374s (total est: 34642754s)
[  390.0s] m= 8/16 ...  | this_m:     18857423 eval,     14646934 pruned ( 43.7%) of     64864800 | cumul:     24516599 eval,     18302510 pruned | progress: 0.001124% | best: 4.000000 | ETA: 34700992s (total est: 34701382s)
[  400.0s] m= 8/16 ...  | this_m:     19452881 eval,     15115722 pruned ( 43.7%) of     64864800 | cumul:     25112057 eval,     18771298 pruned | progress: 0.001152% | best: 4.000000 | ETA: 34727615s (total est: 34728015s)
[  410.0s] m= 8/16 ...  | this_m:     20047402 eval,     15583656 pruned ( 43.7%) of     64864800 | cumul:     25706578 eval,     19239232 pruned | progress: 0.001180% | best: 4.000000 | ETA: 34754362s (total est: 34754772s)
[  420.0s] m= 8/16 ...  | this_m:     20653310 eval,     16072686 pruned ( 43.8%) of     64864800 | cumul:     26312486 eval,     19728262 pruned | progress: 0.001208% | best: 4.000000 | ETA: 34755334s (total est: 34755754s)
[  430.0s] m= 8/16 ...  | this_m:     21248993 eval,     16560600 pruned ( 43.8%) of     64864800 | cumul:     26908169 eval,     20216176 pruned | progress: 0.001237% | best: 4.000000 | ETA: 34764626s (total est: 34765056s)
[  440.0s] m= 8/16 ...  | this_m:     21847073 eval,     17065166 pruned ( 43.9%) of     64864800 | cumul:     27506249 eval,     20720742 pruned | progress: 0.001266% | best: 4.000000 | ETA: 34759764s (total est: 34760204s)
[  450.0s] m= 8/16 ...  | this_m:     22445591 eval,     17543160 pruned ( 43.9%) of     64864800 | cumul:     28104767 eval,     21198736 pruned | progress: 0.001294% | best: 4.000000 | ETA: 34773541s (total est: 34773991s)
[  460.0s] m= 8/16 ...  | this_m:     23043116 eval,     18014727 pruned ( 43.9%) of     64864800 | cumul:     28702292 eval,     21670303 pruned | progress: 0.001322% | best: 4.000000 | ETA: 34791853s (total est: 34792313s)
[  470.0s] m= 8/16 ...  | this_m:     23640486 eval,     18479648 pruned ( 43.9%) of     64864800 | cumul:     29299662 eval,     22135224 pruned | progress: 0.001350% | best: 4.000000 | ETA: 34814007s (total est: 34814477s)
[  480.0s] m= 8/16 ...  | this_m:     24246885 eval,     18972504 pruned ( 43.9%) of     64864800 | cumul:     29906061 eval,     22628080 pruned | progress: 0.001379% | best: 4.000000 | ETA: 34810752s (total est: 34811232s)
[  490.0s] m= 8/16 ...  | this_m:     24858893 eval,     19487394 pruned ( 43.9%) of     64864800 | cumul:     30518069 eval,     23142970 pruned | progress: 0.001408% | best: 4.000000 | ETA: 34789699s (total est: 34790189s)
[  500.0s] m= 8/16 ...  | this_m:     25472697 eval,     19995202 pruned ( 44.0%) of     64864800 | cumul:     31131873 eval,     23650778 pruned | progress: 0.001438% | best: 4.000000 | ETA: 34772867s (total est: 34773367s)
[  510.0s] m= 8/16 ...  | this_m:     26081631 eval,     20483346 pruned ( 44.0%) of     64864800 | cumul:     31740807 eval,     24138922 pruned | progress: 0.001467% | best: 4.000000 | ETA: 34771970s (total est: 34772480s)
[  520.0s] m= 8/16 ...  | this_m:     26686889 eval,     20961060 pruned ( 44.0%) of     64864800 | cumul:     32346065 eval,     24616636 pruned | progress: 0.001495% | best: 4.000000 | ETA: 34779719s (total est: 34780239s)
[  530.0s] m= 8/16 ...  | this_m:     27296569 eval,     21442662 pruned ( 44.0%) of     64864800 | cumul:     32955745 eval,     25098238 pruned | progress: 0.001524% | best: 4.000000 | ETA: 34782198s (total est: 34782728s)
[  540.0s] m= 8/16 ...  | this_m:     27904614 eval,     21854640 pruned ( 43.9%) of     64864800 | cumul:     33563790 eval,     25510216 pruned | progress: 0.001551% | best: 4.000000 | ETA: 34826546s (total est: 34827086s)
[  550.0s] m= 8/16 ...  | this_m:     28508805 eval,     22330920 pruned ( 43.9%) of     64864800 | cumul:     34167981 eval,     25986496 pruned | progress: 0.001579% | best: 4.000000 | ETA: 34834346s (total est: 34834896s)
[  560.0s] m= 8/16 ...  | this_m:     29113580 eval,     22813536 pruned ( 43.9%) of     64864800 | cumul:     34772756 eval,     26469112 pruned | progress: 0.001607% | best: 4.000000 | ETA: 34837935s (total est: 34838495s)
[  570.0s] m= 8/16 ...  | this_m:     29714738 eval,     23323616 pruned ( 44.0%) of     64864800 | cumul:     35373914 eval,     26979192 pruned | progress: 0.001637% | best: 4.000000 | ETA: 34828073s (total est: 34828643s)
[  580.0s] m= 8/16 ...  | this_m:     30322378 eval,     23827676 pruned ( 44.0%) of     64864800 | cumul:     35981554 eval,     27483252 pruned | progress: 0.001666% | best: 4.000000 | ETA: 34818302s (total est: 34818882s)
[  590.0s] m= 8/16 ...  | this_m:     30929943 eval,     24309783 pruned ( 44.0%) of     64864800 | cumul:     36589119 eval,     27965359 pruned | progress: 0.001694% | best: 4.000000 | ETA: 34820746s (total est: 34821336s)
[  600.0s] m= 8/16 ...  | this_m:     31542168 eval,     24795288 pruned ( 44.0%) of     64864800 | cumul:     37201344 eval,     28450864 pruned | progress: 0.001723% | best: 4.000000 | ETA: 34818834s (total est: 34819434s)
[  610.0s] m= 8/16 ...  | this_m:     32150739 eval,     25275986 pruned ( 44.0%) of     64864800 | cumul:     37809915 eval,     28931562 pruned | progress: 0.001752% | best: 4.000000 | ETA: 34821398s (total est: 34822008s)
[  620.0s] m= 8/16 ...  | this_m:     32768750 eval,     25706472 pruned ( 44.0%) of     64864800 | cumul:     38427926 eval,     29362048 pruned | progress: 0.001779% | best: 4.000000 | ETA: 34844825s (total est: 34845445s)
[  630.0s] m= 8/16 ...  | this_m:     33380154 eval,     26197581 pruned ( 44.0%) of     64864800 | cumul:     39039330 eval,     29853157 pruned | progress: 0.001808% | best: 4.000000 | ETA: 34840199s (total est: 34840829s)
[  640.0s] m= 8/16 ...  | this_m:     33990358 eval,     26678489 pruned ( 44.0%) of     64864800 | cumul:     39649534 eval,     30334065 pruned | progress: 0.001837% | best: 4.000000 | ETA: 34841393s (total est: 34842033s)
[  650.0s] m= 8/16 ...  | this_m:     34603648 eval,     27156020 pruned ( 44.0%) of     64864800 | cumul:     40262824 eval,     30811596 pruned | progress: 0.001865% | best: 4.000000 | ETA: 34842693s (total est: 34843343s)
[  660.0s] m= 8/16 ...  | this_m:     35214693 eval,     27608219 pruned ( 43.9%) of     64864800 | cumul:     40873869 eval,     31263795 pruned | progress: 0.001893% | best: 4.000000 | ETA: 34857274s (total est: 34857934s)
[  670.0s] m= 8/16 ...  | this_m:     35831073 eval,     28057460 pruned ( 43.9%) of     64864800 | cumul:     41490249 eval,     31713036 pruned | progress: 0.001921% | best: 4.000000 | ETA: 34870299s (total est: 34870969s)
[  679.9s] m= 8/16 DONE | this_m:     36445920 eval,     28418880 pruned ( 43.8%) of     64864800 | cumul:     42105096 eval,     32074456 pruned | progress: 0.001947% | best: 4.000000 | ETA: 34918872s (total est: 34919552s)
[  680.0s] m= 9/16 ...  | this_m:         6159 eval,          720 pruned ( 10.5%) of    461260800 | cumul:     42111255 eval,     32075176 pruned | progress: 0.001947% | best: 4.000000 | ETA: 34921731s (total est: 34922411s)
[  690.0s] m= 9/16 ...  | this_m:       543222 eval,       217986 pruned ( 28.6%) of    461260800 | cumul:     42648318 eval,     32292442 pruned | progress: 0.001967% | best: 4.000000 | ETA: 35078599s (total est: 35079289s)
[  700.0s] m= 9/16 ...  | this_m:      1073604 eval,       604008 pruned ( 36.0%) of    461260800 | cumul:     43178700 eval,     32678464 pruned | progress: 0.001991% | best: 4.000000 | ETA: 35157062s (total est: 35157762s)
[  710.0s] m= 9/16 ...  | this_m:      1603620 eval,       926361 pruned ( 36.6%) of    461260800 | cumul:     43708716 eval,     33000817 pruned | progress: 0.002013% | best: 4.000000 | ETA: 35263064s (total est: 35263774s)
[  720.0s] m= 9/16 ...  | this_m:      2132693 eval,      1247082 pruned ( 36.9%) of    461260800 | cumul:     44237789 eval,     33321538 pruned | progress: 0.002036% | best: 4.000000 | ETA: 35367911s (total est: 35368631s)
[  730.0s] m= 9/16 ...  | this_m:      2660787 eval,      1724544 pruned ( 39.3%) of    461260800 | cumul:     44765883 eval,     33799000 pruned | progress: 0.002062% | best: 4.000000 | ETA: 35400160s (total est: 35400890s)
[  740.0s] m= 9/16 ...  | this_m:      3186117 eval,      2191368 pruned ( 40.8%) of    461260800 | cumul:     45291213 eval,     34265824 pruned | progress: 0.002088% | best: 4.000000 | ETA: 35437562s (total est: 35438302s)
[  750.0s] m= 9/16 ...  | this_m:      3717168 eval,      2513280 pruned ( 40.3%) of    461260800 | cumul:     45822264 eval,     34587736 pruned | progress: 0.002111% | best: 4.000000 | ETA: 35535450s (total est: 35536200s)
[  760.0s] m= 9/16 ...  | this_m:      4247126 eval,      2879139 pruned ( 40.4%) of    461260800 | cumul:     46352222 eval,     34953595 pruned | progress: 0.002134% | best: 4.000000 | ETA: 35612502s (total est: 35613262s)
[  770.0s] m= 9/16 ...  | this_m:      4777853 eval,      3435417 pruned ( 41.8%) of    461260800 | cumul:     46882949 eval,     35509873 pruned | progress: 0.002163% | best: 4.000000 | ETA: 35605061s (total est: 35605831s)
[  780.0s] m= 9/16 ...  | this_m:      5305717 eval,      3876960 pruned ( 42.2%) of    461260800 | cumul:     47410813 eval,     35951416 pruned | progress: 0.002188% | best: 4.000000 | ETA: 35648032s (total est: 35648812s)
[  790.0s] m= 9/16 ...  | this_m:      5830536 eval,      4244256 pruned ( 42.1%) of    461260800 | cumul:     47935632 eval,     36318712 pruned | progress: 0.002211% | best: 4.000000 | ETA: 35722756s (total est: 35723546s)
[  800.0s] m= 9/16 ...  | this_m:      6358626 eval,      4669742 pruned ( 42.3%) of    461260800 | cumul:     48463722 eval,     36744198 pruned | progress: 0.002236% | best: 4.000000 | ETA: 35770094s (total est: 35770894s)
[  810.0s] m= 9/16 ...  | this_m:      6883335 eval,      5155956 pruned ( 42.8%) of    461260800 | cumul:     48988431 eval,     37230412 pruned | progress: 0.002263% | best: 4.000000 | ETA: 35792561s (total est: 35793371s)
[  820.0s] m= 9/16 ...  | this_m:      7407394 eval,      5757770 pruned ( 43.7%) of    461260800 | cumul:     49512490 eval,     37832226 pruned | progress: 0.002293% | best: 4.000000 | ETA: 35767372s (total est: 35768192s)
[  830.0s] m= 9/16 ...  | this_m:      7937904 eval,      6152898 pruned ( 43.7%) of    461260800 | cumul:     50043000 eval,     38227354 pruned | progress: 0.002317% | best: 4.000000 | ETA: 35823906s (total est: 35824736s)
[  840.0s] m= 9/16 ...  | this_m:      8468988 eval,      6474074 pruned ( 43.3%) of    461260800 | cumul:     50574084 eval,     38548530 pruned | progress: 0.002339% | best: 4.000000 | ETA: 35908808s (total est: 35909648s)
[  850.0s] m= 9/16 ...  | this_m:      8995619 eval,      6932040 pruned ( 43.5%) of    461260800 | cumul:     51100715 eval,     39006496 pruned | progress: 0.002365% | best: 4.000000 | ETA: 35939240s (total est: 35940090s)
[  860.0s] m= 9/16 ...  | this_m:      9525120 eval,      7409281 pruned ( 43.8%) of    461260800 | cumul:     51630216 eval,     39483737 pruned | progress: 0.002391% | best: 4.000000 | ETA: 35960348s (total est: 35961208s)
[  870.0s] m= 9/16 ...  | this_m:     10050016 eval,      7838972 pruned ( 43.8%) of    461260800 | cumul:     52155112 eval,     39913428 pruned | progress: 0.002417% | best: 4.000000 | ETA: 36001302s (total est: 36002172s)
[  880.0s] m= 9/16 ...  | this_m:     10578734 eval,      8308891 pruned ( 44.0%) of    461260800 | cumul:     52683830 eval,     40383347 pruned | progress: 0.002443% | best: 4.000000 | ETA: 36024355s (total est: 36025235s)
[  890.0s] m= 9/16 ...  | this_m:     11107278 eval,      8668632 pruned ( 43.8%) of    461260800 | cumul:     53212374 eval,     40743088 pruned | progress: 0.002466% | best: 4.000000 | ETA: 36089257s (total est: 36090147s)
[  900.0s] m= 9/16 ...  | this_m:     11634910 eval,      9197994 pruned ( 44.2%) of    461260800 | cumul:     53740006 eval,     41272450 pruned | progress: 0.002494% | best: 4.000000 | ETA: 36088747s (total est: 36089647s)
[  910.0s] m= 9/16 ...  | this_m:     12164562 eval,      9841062 pruned ( 44.7%) of    461260800 | cumul:     54269658 eval,     41915518 pruned | progress: 0.002525% | best: 4.000000 | ETA: 36044827s (total est: 36045737s)
[  920.0s] m= 9/16 ...  | this_m:     12695082 eval,     10272912 pruned ( 44.7%) of    461260800 | cumul:     54800178 eval,     42347368 pruned | progress: 0.002550% | best: 4.000000 | ETA: 36079920s (total est: 36080840s)
[  930.0s] m= 9/16 ...  | this_m:     13226145 eval,     10682328 pruned ( 44.7%) of    461260800 | cumul:     55331241 eval,     42756784 pruned | progress: 0.002575% | best: 4.000000 | ETA: 36122385s (total est: 36123315s)
[  940.0s] m= 9/16 ...  | this_m:     13755289 eval,     11099904 pruned ( 44.7%) of    461260800 | cumul:     55860385 eval,     43174360 pruned | progress: 0.002599% | best: 4.000000 | ETA: 36161763s (total est: 36162703s)
[  950.0s] m= 9/16 ...  | this_m:     14280561 eval,     11591760 pruned ( 44.8%) of    461260800 | cumul:     56385657 eval,     43666216 pruned | progress: 0.002626% | best: 4.000000 | ETA: 36174921s (total est: 36175871s)
[  960.0s] m= 9/16 ...  | this_m:     14808122 eval,     12179958 pruned ( 45.1%) of    461260800 | cumul:     56913218 eval,     44254414 pruned | progress: 0.002655% | best: 4.000000 | ETA: 36152532s (total est: 36153492s)
[  970.0s] m= 9/16 ...  | this_m:     15336296 eval,     12738577 pruned ( 45.4%) of    461260800 | cumul:     57441392 eval,     44813033 pruned | progress: 0.002684% | best: 4.000000 | ETA: 36140867s (total est: 36141837s)
[  980.0s] m= 9/16 ...  | this_m:     15865964 eval,     13188702 pruned ( 45.4%) of    461260800 | cumul:     57971060 eval,     45263158 pruned | progress: 0.002710% | best: 4.000000 | ETA: 36166895s (total est: 36167875s)
[  990.0s] m= 9/16 ...  | this_m:     16399388 eval,     13630662 pruned ( 45.4%) of    461260800 | cumul:     58504484 eval,     45705118 pruned | progress: 0.002735% | best: 4.000000 | ETA: 36193965s (total est: 36194955s)
[ 1000.0s] m= 9/16 ...  | this_m:     16930945 eval,     14155776 pruned ( 45.5%) of    461260800 | cumul:     59036041 eval,     46230232 pruned | progress: 0.002763% | best: 4.000000 | ETA: 36192602s (total est: 36193602s)
[ 1010.0s] m= 9/16 ...  | this_m:     17459817 eval,     14699520 pruned ( 45.7%) of    461260800 | cumul:     59564913 eval,     46773976 pruned | progress: 0.002791% | best: 4.000000 | ETA: 36185800s (total est: 36186810s)
[ 1020.0s] m= 9/16 ...  | this_m:     17989956 eval,     15021945 pruned ( 45.5%) of    461260800 | cumul:     60095052 eval,     47096401 pruned | progress: 0.002813% | best: 4.000000 | ETA: 36253407s (total est: 36254427s)
[ 1030.0s] m= 9/16 ...  | this_m:     18518333 eval,     15342288 pruned ( 45.3%) of    461260800 | cumul:     60623429 eval,     47416744 pruned | progress: 0.002836% | best: 4.000000 | ETA: 36321239s (total est: 36322270s)
[ 1040.0s] m= 9/16 ...  | this_m:     19045875 eval,     15885264 pruned ( 45.5%) of    461260800 | cumul:     61150971 eval,     47959720 pruned | progress: 0.002864% | best: 4.000000 | ETA: 36314043s (total est: 36315083s)
[ 1050.0s] m= 9/16 ...  | this_m:     19567804 eval,     16365696 pruned ( 45.5%) of    461260800 | cumul:     61672900 eval,     48440152 pruned | progress: 0.002890% | best: 4.000000 | ETA: 36329460s (total est: 36330510s)
[ 1060.0s] m= 9/16 ...  | this_m:     20092889 eval,     16725456 pruned ( 45.4%) of    461260800 | cumul:     62197985 eval,     48799912 pruned | progress: 0.002913% | best: 4.000000 | ETA: 36383079s (total est: 36384139s)
[ 1070.0s] m= 9/16 ...  | this_m:     20618496 eval,     17188944 pruned ( 45.5%) of    461260800 | cumul:     62723592 eval,     49263400 pruned | progress: 0.002939% | best: 4.000000 | ETA: 36401929s (total est: 36402999s)
[ 1080.0s] m= 9/16 ...  | this_m:     21140197 eval,     17602752 pruned ( 45.4%) of    461260800 | cumul:     63245293 eval,     49677208 pruned | progress: 0.002964% | best: 4.000000 | ETA: 36437733s (total est: 36438813s)
