Rc files read:
  NONE
Latexmk: This is Latexmk, John Collins, 31 Jan. 2024. Version 4.83.
Latexmk: making output directory 'build'
No existing .aux file, so I'll make a simple one, and require run of *latex.
Latexmk: applying rule 'pdflatex'...
Rule 'pdflatex':  Reasons for rerun
Category 'other':
  Rerun of 'pdflatex' forced or previously required:
    Reason or flag: 'Initial setup'

------------
Run number 1 of rule 'pdflatex'
------------
------------
Running 'pdflatex  -interaction=nonstopmode -halt-on-error -recorder -output-directory="build"  "main.tex"'
------------
This is pdfTeX, Version 3.141592653-2.6-1.40.25 (TeX Live 2023/Debian) (preloaded format=pdflatex)
 restricted \write18 enabled.
entering extended mode
(./main.tex
LaTeX2e <2023-11-01> patch level 1
L3 programming layer <2024-01-22>
(/usr/share/texlive/texmf-dist/tex/latex/base/article.cls
Document Class: article 2023/05/17 v1.4n Standard LaTeX document class
(/usr/share/texlive/texmf-dist/tex/latex/base/size11.clo))
(/usr/share/texlive/texmf-dist/tex/latex/geometry/geometry.sty
(/usr/share/texlive/texmf-dist/tex/latex/graphics/keyval.sty)
(/usr/share/texlive/texmf-dist/tex/generic/iftex/ifvtex.sty
(/usr/share/texlive/texmf-dist/tex/generic/iftex/iftex.sty)))
(/usr/share/texlive/texmf-dist/tex/latex/amsmath/amsmath.sty
For additional information on amsmath, use the `?' option.
(/usr/share/texlive/texmf-dist/tex/latex/amsmath/amstext.sty
(/usr/share/texlive/texmf-dist/tex/latex/amsmath/amsgen.sty))
(/usr/share/texlive/texmf-dist/tex/latex/amsmath/amsbsy.sty)
(/usr/share/texlive/texmf-dist/tex/latex/amsmath/amsopn.sty))
(/usr/share/texlive/texmf-dist/tex/latex/amsfonts/amssymb.sty
(/usr/share/texlive/texmf-dist/tex/latex/amsfonts/amsfonts.sty))
(/usr/share/texlive/texmf-dist/tex/latex/amscls/amsthm.sty)
(/usr/share/texlive/texmf-dist/tex/latex/booktabs/booktabs.sty)
(/usr/share/texlive/texmf-dist/tex/latex/tools/longtable.sty)
(/usr/share/texlive/texmf-dist/tex/latex/tools/array.sty)
(/usr/share/texlive/texmf-dist/tex/latex/microtype/microtype.sty
(/usr/share/texlive/texmf-dist/tex/latex/etoolbox/etoolbox.sty)
(/usr/share/texlive/texmf-dist/tex/latex/microtype/microtype-pdftex.def)
(/usr/share/texlive/texmf-dist/tex/latex/microtype/microtype.cfg))
(/usr/share/texlive/texmf-dist/tex/latex/base/fontenc.sty)
(/usr/share/texmf/tex/latex/lm/lmodern.sty)
(/usr/share/texlive/texmf-dist/tex/latex/mathtools/mathtools.sty
(/usr/share/texlive/texmf-dist/tex/latex/tools/calc.sty)
(/usr/share/texlive/texmf-dist/tex/latex/mathtools/mhsetup.sty))
(/usr/share/texlive/texmf-dist/tex/latex/graphics/graphicx.sty
(/usr/share/texlive/texmf-dist/tex/latex/graphics/graphics.sty
(/usr/share/texlive/texmf-dist/tex/latex/graphics/trig.sty)
(/usr/share/texlive/texmf-dist/tex/latex/graphics-cfg/graphics.cfg)
(/usr/share/texlive/texmf-dist/tex/latex/graphics-def/pdftex.def)))
(/usr/share/texlive/texmf-dist/tex/latex/needspace/needspace.sty)
(/usr/share/texlive/texmf-dist/tex/latex/placeins/placeins.sty)
(/usr/share/texlive/texmf-dist/tex/latex/xcolor/xcolor.sty
(/usr/share/texlive/texmf-dist/tex/latex/graphics-cfg/color.cfg)
(/usr/share/texlive/texmf-dist/tex/latex/graphics/mathcolor.ltx))
(/usr/share/texlive/texmf-dist/tex/latex/listings/listings.sty
(/usr/share/texlive/texmf-dist/tex/latex/listings/lstmisc.sty)
(/usr/share/texlive/texmf-dist/tex/latex/listings/listings.cfg))
(/usr/share/texlive/texmf-dist/tex/latex/hyperref/hyperref.sty
(/usr/share/texlive/texmf-dist/tex/latex/kvsetkeys/kvsetkeys.sty)
(/usr/share/texlive/texmf-dist/tex/generic/kvdefinekeys/kvdefinekeys.sty)
(/usr/share/texlive/texmf-dist/tex/generic/pdfescape/pdfescape.sty
(/usr/share/texlive/texmf-dist/tex/generic/ltxcmds/ltxcmds.sty)
(/usr/share/texlive/texmf-dist/tex/generic/pdftexcmds/pdftexcmds.sty
(/usr/share/texlive/texmf-dist/tex/generic/infwarerr/infwarerr.sty)))
(/usr/share/texlive/texmf-dist/tex/latex/hycolor/hycolor.sty)
(/usr/share/texlive/texmf-dist/tex/latex/auxhook/auxhook.sty)
(/usr/share/texlive/texmf-dist/tex/latex/hyperref/nameref.sty
(/usr/share/texlive/texmf-dist/tex/latex/refcount/refcount.sty)
(/usr/share/texlive/texmf-dist/tex/generic/gettitlestring/gettitlestring.sty
(/usr/share/texlive/texmf-dist/tex/latex/kvoptions/kvoptions.sty)))
(/usr/share/texlive/texmf-dist/tex/latex/hyperref/pd1enc.def)
(/usr/share/texlive/texmf-dist/tex/generic/intcalc/intcalc.sty)
(/usr/share/texlive/texmf-dist/tex/latex/hyperref/puenc.def)
(/usr/share/texlive/texmf-dist/tex/latex/url/url.sty)
(/usr/share/texlive/texmf-dist/tex/generic/bitset/bitset.sty
(/usr/share/texlive/texmf-dist/tex/generic/bigintcalc/bigintcalc.sty))
(/usr/share/texlive/texmf-dist/tex/latex/base/atbegshi-ltx.sty))
(/usr/share/texlive/texmf-dist/tex/latex/hyperref/hpdftex.def
(/usr/share/texlive/texmf-dist/tex/latex/base/atveryend-ltx.sty)
(/usr/share/texlive/texmf-dist/tex/latex/rerunfilecheck/rerunfilecheck.sty
(/usr/share/texlive/texmf-dist/tex/generic/uniquecounter/uniquecounter.sty)))
(/usr/share/texlive/texmf-dist/tex/latex/biblatex/biblatex.sty
(/usr/share/texlive/texmf-dist/tex/latex/logreq/logreq.sty
(/usr/share/texlive/texmf-dist/tex/latex/logreq/logreq.def))
(/usr/share/texlive/texmf-dist/tex/latex/base/ifthen.sty)
(/usr/share/texlive/texmf-dist/tex/latex/biblatex/blx-dm.def)
(/usr/share/texlive/texmf-dist/tex/latex/biblatex/blx-compat.def)
(/usr/share/texlive/texmf-dist/tex/latex/biblatex/biblatex.def)
(/usr/share/texlive/texmf-dist/tex/latex/biblatex/bbx/alphabetic.bbx
(/usr/share/texlive/texmf-dist/tex/latex/biblatex/bbx/standard.bbx))
(/usr/share/texlive/texmf-dist/tex/latex/biblatex/cbx/alphabetic.cbx)
(/usr/share/texlive/texmf-dist/tex/latex/biblatex/biblatex.cfg)
(/usr/share/texlive/texmf-dist/tex/latex/l3kernel/expl3.sty
(/usr/share/texlive/texmf-dist/tex/latex/l3backend/l3backend-pdftex.def))
(/usr/share/texlive/texmf-dist/tex/latex/biblatex/blx-case-expl3.sty
(/usr/share/texlive/texmf-dist/tex/latex/l3packages/xparse/xparse.sty)))
(legacy/preamble.tex
(/usr/share/texlive/texmf-dist/tex/latex/mdframed/mdframed.sty
(/usr/share/texlive/texmf-dist/tex/latex/zref/zref-abspage.sty
(/usr/share/texlive/texmf-dist/tex/latex/zref/zref-base.sty
(/usr/share/texlive/texmf-dist/tex/generic/etexcmds/etexcmds.sty)))
(/usr/share/texlive/texmf-dist/tex/latex/mdframed/md-frame-0.mdf)))
(/usr/share/texmf/tex/latex/lm/t1lmr.fd) (build/main.aux)
*geometry* driver: auto-detecting
*geometry* detected driver: pdftex
(/usr/share/texlive/texmf-dist/tex/latex/microtype/mt-cmr.cfg)
(/usr/share/texlive/texmf-dist/tex/context/base/mkii/supp-pdf.mkii
[Loading MPS to PDF converter (version 2006.09.02).]
) (/usr/share/texlive/texmf-dist/tex/latex/epstopdf-pkg/epstopdf-base.sty
(/usr/share/texlive/texmf-dist/tex/latex/latexconfig/epstopdf-sys.cfg))
(/usr/share/texlive/texmf-dist/tex/latex/biblatex/lbx/english.lbx)
No file main.bbl.
(/usr/share/texmf/tex/latex/lm/ot1lmr.fd)
(/usr/share/texmf/tex/latex/lm/omllmm.fd)
(/usr/share/texmf/tex/latex/lm/omslmsy.fd)
(/usr/share/texmf/tex/latex/lm/omxlmex.fd)
(/usr/share/texlive/texmf-dist/tex/latex/amsfonts/umsa.fd)
(/usr/share/texlive/texmf-dist/tex/latex/microtype/mt-msa.cfg)
(/usr/share/texlive/texmf-dist/tex/latex/amsfonts/umsb.fd)
(/usr/share/texlive/texmf-dist/tex/latex/microtype/mt-msb.cfg)
(./recovered/thesis-candidate/00-abstract.tex) (./ai-use-disclosure.tex
[1{/var/lib/texmf/fonts/map/pdftex/updmap/pdftex.map}{/usr/share/texmf/fonts/en
c/dvips/lm/lm-ec.enc}{/usr/share/texmf/fonts/enc/dvips/lm/lm-rm.enc}{/usr/share
/texmf/fonts/enc/dvips/lm/lm-mathsy.enc}{/usr/share/texmf/fonts/enc/dvips/lm/lm
-mathit.enc}]

LaTeX Warning: Reference `sec:rotated-regular-polygons' on page 2 undefined on 
input line 26.


LaTeX Warning: Reference `eq:ds-pentagon-ridge-capacity' on page 2 undefined on
 input line 29.


LaTeX Warning: Reference `sec:pentagon-affine' on page 2 undefined on input lin
e 34.

[2])
No file main.toc.
[3] (./recovered/thesis-candidate/01-introduction.tex

LaTeX Warning: Citation 'Viterbo2000' on page 4 undefined on input line 5.


LaTeX Warning: Citation 'HaimKislevOstrover2024' on page 4 undefined on input l
ine 17.


LaTeX Warning: Citation 'Edtmair2024' on page 4 undefined on input line 54.


LaTeX Warning: Citation 'HaimKislevOstrover2024' on page 4 undefined on input l
ine 63.


LaTeX Warning: Citation 'AbbondandoloEdtmairKang2024' on page 4 undefined on in
put line 65.


LaTeX Warning: Citation 'Edtmair2024' on page 4 undefined on input line 72.

[4]

LaTeX Warning: Citation 'AKO2014' on page 5 undefined on input line 80.


LaTeX Warning: Citation 'AB2023' on page 5 undefined on input line 90.


LaTeX Warning: Citation 'HaimKislev2025Zoll' on page 5 undefined on input line 
100.


LaTeX Warning: Citation 'HaimKislev2025Zoll' on page 5 undefined on input line 
103.


LaTeX Warning: Reference `thm:hko-ten-facet-local-maximum' on page 5 undefined 
on input line 117.


LaTeX Warning: Reference `thm:hko-ten-facet-local-maximum' on page 5 undefined 
on input line 126.


LaTeX Warning: Citation 'HK2017' on page 5 undefined on input line 148.

[5{/usr/share/texmf/fonts/enc/dvips/lm/lm-mathex.enc}]

LaTeX Warning: Citation 'CH2021' on page 6 undefined on input line 160.


LaTeX Warning: Reference `sec:pentagon-affine' on page 6 undefined on input lin
e 176.


LaTeX Warning: Reference `sec:product-rotation' on page 6 undefined on input li
ne 183.


LaTeX Warning: Reference `eq:ds-pentagon-ridge-capacity' on page 6 undefined on
 input line 208.


LaTeX Warning: Reference `eq:ds-triangle-profile' on page 6 undefined on input 
line 208.


LaTeX Warning: Reference `sec:preliminaries' on page 6 undefined on input line 
221.


LaTeX Warning: Reference `sec:quadratic-program-algorithm-hk2019' on page 6 und
efined on input line 221.


LaTeX Warning: Reference `sec:flow-graph-algorithm-ch2021' on page 6 undefined 
on input line 223.


LaTeX Warning: Reference `sec:first-order-perturbations' on page 6 undefined on
 input line 224.

[6]

LaTeX Warning: Reference `sec:hko-local-maximum' on page 7 undefined on input l
ine 227.


LaTeX Warning: Reference `sec:first-order-perturbations' on page 7 undefined on
 input line 229.


LaTeX Warning: Reference `sec:black-box-datascience' on page 7 undefined on inp
ut line 231.


LaTeX Warning: Reference `sec:rotated-regular-polygons' on page 7 undefined on 
input line 232.


LaTeX Warning: Reference `sec:pentagon-affine' on page 7 undefined on input lin
e 232.


LaTeX Warning: Reference `sec:product-rotation' on page 7 undefined on input li
ne 234.

) (./recovered/thesis-candidate/02-preliminaries.tex
(./recovered/thesis-candidate/02-preliminaries-convex-symplectic-notation.tex
[7]) (legacy/02-preliminaries-convex-hamiltonian-language.tex

LaTeX Warning: Reference `eq:preliminaries-generalized-characteristic' on page 
8 undefined on input line 37.

) (./recovered/thesis-candidate/02-preliminaries-ehz-capacity.tex [8]

LaTeX Warning: Citation 'AAO2014' on page 9 undefined on input line 13.


LaTeX Warning: Reference `def:preliminaries-generalized-characteristic' on page
 9 undefined on input line 26.


LaTeX Warning: Citation 'AAO2014' on page 9 undefined on input line 27.


LaTeX Warning: Reference `sec:generalized-reeb-orbits-polytopes' on page 9 unde
fined on input line 29.


LaTeX Warning: Citation 'Viterbo2000' on page 9 undefined on input line 61.

[9 <legacy/figures/foundations/characteristic-normalization.pdf>]

LaTeX Warning: Reference `eq:preliminaries-systolic-ratio' on page 10 undefined
 on input line 96.


LaTeX Warning: Citation 'CH2021' on page 10 undefined on input line 108.


LaTeX Warning: Reference `eq:preliminaries-systolic-ratio' on page 10 undefined
 on input line 110.

) (legacy/02-preliminaries-polytope-input-language.tex)
(legacy/02-preliminaries-lagrangian-products.tex [10])
(./recovered/thesis-candidate/02-duality.tex [11 <legacy/figures/foundations/fa
cet-polarity.pdf>]

LaTeX Warning: Reference `eq:preliminaries-dual-problem' on page 12 undefined o
n input line 29.


LaTeX Warning: Citation 'AAO2014' on page 12 undefined on input line 42.


LaTeX Warning: Citation 'HK2017' on page 12 undefined on input line 43.

[12]

LaTeX Warning: Reference `eq:preliminaries-dual-euler-lagrange' on page 13 unde
fined on input line 105.


LaTeX Warning: Reference `eq:preliminaries-dual-functional' on page 13 undefine
d on input line 141.

[13])) (./03-generalized-reeb-orbits-polytopes.tex

LaTeX Warning: Reference `def:preliminaries-generalized-characteristic' on page
 14 undefined on input line 39.

[14]

LaTeX Warning: Reference `def:preliminaries-generalized-characteristic' on page
 15 undefined on input line 67.


LaTeX Warning: Reference `eq:generalized-reeb-polytope-subdifferential' on page
 15 undefined on input line 68.


LaTeX Warning: Reference `lem:generalized-reeb-base-point-recovery' on page 15 
undefined on input line 109.

[15]

LaTeX Warning: Reference `eq:generalized-reeb-closure' on page 16 undefined on 
input line 177.

(/usr/share/texmf/tex/latex/lm/ot1lmss.fd)

LaTeX Warning: Reference `eq:generalized-reeb-base-point-inequalities' on page 
16 undefined on input line 212.


LaTeX Warning: Reference `eq:generalized-reeb-base-point-equalities' on page 16
 undefined on input line 224.


LaTeX Warning: Reference `eq:generalized-reeb-base-point-inequalities' on page 
16 undefined on input line 235.

[16]

LaTeX Warning: Reference `lem:preliminaries-shoelace' on page 17 undefined on i
nput line 247.


LaTeX Warning: Citation 'HK2017' on page 17 undefined on input line 256.

[17]

LaTeX Warning: Reference `lem:preliminaries-shoelace' on page 18 undefined on i
nput line 336.

[18]

LaTeX Warning: Reference `lem:preliminaries-shoelace' on page 19 undefined on i
nput line 405.


LaTeX Warning: Reference `lem:preliminaries-shoelace' on page 19 undefined on i
nput line 435.


LaTeX Warning: Reference `lem:generalized-reeb-splitting' on page 19 undefined 
on input line 437.


LaTeX Warning: Reference `thm:generalized-reeb-simple-minimizer' on page 19 und
efined on input line 440.


LaTeX Warning: Reference `thm:preliminaries-clarke-dual-action' on page 19 unde
fined on input line 442.


LaTeX Warning: Reference `lem:generalized-reeb-pw-affine-approx' on page 19 und
efined on input line 450.


LaTeX Warning: Reference `lem:generalized-reeb-splitting' on page 19 undefined 
on input line 453.


LaTeX Warning: Reference `lem:generalized-reeb-merging' on page 19 undefined on
 input line 454.


LaTeX Warning: Reference `lem:generalized-reeb-compactness' on page 19 undefine
d on input line 482.


LaTeX Warning: Reference `thm:preliminaries-clarke-dual-action' on page 19 unde
fined on input line 485.

[19]

LaTeX Warning: Reference `eq:preliminaries-dual-multiplier-value' on page 20 un
defined on input line 496.


LaTeX Warning: Reference `lem:generalized-reeb-base-point-recovery' on page 20 
undefined on input line 509.

) (./04-quadratic-program.tex

LaTeX Warning: Citation 'HK2017' on page 20 undefined on input line 7.


LaTeX Warning: Reference `sec:generalized-reeb-orbits-polytopes' on page 20 und
efined on input line 24.

[20]

LaTeX Warning: Reference `sec:generalized-reeb-orbits-polytopes' on page 21 und
efined on input line 63.


LaTeX Warning: Reference `lem:preliminaries-shoelace' on page 21 undefined on i
nput line 103.


LaTeX Warning: Reference `eq:preliminaries-dual-problem' on page 21 undefined o
n input line 110.


LaTeX Warning: Reference `thm:preliminaries-clarke-dual-action' on page 21 unde
fined on input line 111.


LaTeX Warning: Reference `thm:generalized-reeb-simple-minimizer' on page 21 und
efined on input line 119.


LaTeX Warning: Citation 'HK2017' on page 21 undefined on input line 132.

[21]

LaTeX Warning: Reference `eq:preliminaries-dual-multiplier-value' on page 22 un
defined on input line 184.


LaTeX Warning: Reference `thm:preliminaries-clarke-dual-action' on page 22 unde
fined on input line 186.

[22]

LaTeX Warning: Reference `eq:qp-stationary-system' on page 23 undefined on inpu
t line 278.


LaTeX Warning: Reference `lem:generalized-reeb-base-point-recovery' on page 23 
undefined on input line 297.

[23]

LaTeX Warning: Citation 'Rudolf2022' on page 24 undefined on input line 340.

[24]

LaTeX Warning: Reference `thm:generalized-reeb-simple-minimizer' on page 25 und
efined on input line 397.


LaTeX Warning: Reference `prop:quadratic-program-global-maximizer-realization' 
on page 25 undefined on input line 425.

[25]

LaTeX Warning: Citation 'KruppRudolf2022' on page 26 undefined on input line 46
7.

[26]

LaTeX Warning: Reference `alg:quadratic-program-product-closure-vertices' on pa
ge 27 undefined on input line 586.


LaTeX Warning: Reference `alg:quadratic-program-product-closure-vertices' on pa
ge 27 undefined on input line 621.


LaTeX Warning: Reference `sec:numerics' on page 27 undefined on input line 626.


[27]) (./05-flow-graph.tex

LaTeX Warning: Citation 'CH2021' on page 28 undefined on input line 12.


LaTeX Warning: Reference `sec:generalized-reeb-orbits-polytopes' on page 28 und
efined on input line 33.

[28]

LaTeX Warning: Reference `eq:fg-primitive-time' on page 29 undefined on input l
ine 112.


LaTeX Warning: Reference `eq:fg-tube-composition' on page 29 undefined on input
 line 115.


LaTeX Warning: Reference `fig:flow-graph-tube-sequence' on page 29 undefined on
 input line 130.

[29] (/usr/share/texmf/tex/latex/lm/t1lmtt.fd)

LaTeX Warning: Reference `sec:published-code-data' on page 30 undefined on inpu
t line 148.


LaTeX Warning: Reference `ex:flow-graph-return-map' on page 30 undefined on inp
ut line 192.


LaTeX Warning: Reference `ex:flow-graph-return-map' on page 30 undefined on inp
ut line 192.

[30] [31 <legacy/figures/flow-graph/flow-graph-f6-tube-sequence.pdf>]

LaTeX Warning: Reference `def:flow-graph-regular-presentation' on page 32 undef
ined on input line 246.


LaTeX Warning: Reference `alg:idealized-exhaustive-flow-graph-search' on page 3
2 undefined on input line 261.


LaTeX Warning: Reference `lem:flow-graph-tube-semantics' on page 32 undefined o
n input line 270.

[32]

LaTeX Warning: Reference `thm:generalized-reeb-simple-minimizer' on page 33 und
efined on input line 279.


LaTeX Warning: Reference `lem:flow-graph-tube-semantics' on page 33 undefined o
n input line 284.


LaTeX Warning: Reference `thm:exact-flow-graph-correctness' on page 33 undefine
d on input line 293.


LaTeX Warning: Reference `alg:idealized-exhaustive-flow-graph-search' on page 3
3 undefined on input line 296.


LaTeX Warning: Reference `thm:exact-flow-graph-correctness' on page 33 undefine
d on input line 307.


LaTeX Warning: Reference `thm:exact-flow-graph-correctness' on page 33 undefine
d on input line 338.


LaTeX Warning: Reference `cor:rational-flow-graph-correctness' on page 33 undef
ined on input line 339.

[33]

LaTeX Warning: Reference `def:flow-graph-regular-presentation' on page 34 undef
ined on input line 434.

(legacy/05-flow-graph-ch2021-background-comparison.tex

LaTeX Warning: Citation 'CH2021' on page 34 undefined on input line 6.

[34]

LaTeX Warning: Citation 'CH2021' on page 35 undefined on input line 16.


LaTeX Warning: Citation 'CH2021' on page 35 undefined on input line 19.

)

LaTeX Warning: Reference `def:flow-graph-regular-presentation' on page 35 undef
ined on input line 450.


LaTeX Warning: Reference `sec:quadratic-program-algorithm-hk2019' on page 35 un
defined on input line 453.

) (./recovered/thesis-candidate/06-variation.tex [35]

LaTeX Warning: Citation 'Leipold2026' on page 36 undefined on input line 18.


LaTeX Warning: Reference `sec:quadratic-program-algorithm-hk2019' on page 36 un
defined on input line 36.


LaTeX Warning: Reference `eq:first-order-volume-variation' on page 36 undefined
 on input line 72.


LaTeX Warning: Reference `eq:quadratic-program-algorithm-hk2019-q' on page 36 u
ndefined on input line 99.

[36]

LaTeX Warning: Reference `eq:first-order-upper-function' on page 37 undefined o
n input line 141.

[37]

LaTeX Warning: Reference `eq:first-order-regular-q-derivative' on page 38 undef
ined on input line 235.


LaTeX Warning: Reference `eq:first-order-regular-sys-derivative' on page 38 und
efined on input line 237.


LaTeX Warning: Reference `eq:first-order-explicit-q-variation' on page 38 undef
ined on input line 240.


LaTeX Warning: Reference `eq:first-order-volume-variation' on page 38 undefined
 on input line 241.


LaTeX Warning: Reference `eq:first-order-regular-q-derivative' on page 38 undef
ined on input line 242.


LaTeX Warning: Reference `eq:first-order-regular-envelope' on page 38 undefined
 on input line 275.

[38]

LaTeX Warning: Reference `def:preliminaries-systolic-ratio-symmetries' on page 
39 undefined on input line 291.


LaTeX Warning: Reference `eq:first-order-maximin-direction' on page 39 undefine
d on input line 295.


LaTeX Warning: Reference `eq:first-order-finite-gap-model' on page 39 undefined
 on input line 308.


LaTeX Warning: Reference `subsec:black-box-datascience-finite-budget-optimizati
on' on page 39 undefined on input line 323.

(/usr/share/texmf/tex/latex/lm/ts1lmr.fd)

LaTeX Warning: Reference `eq:first-order-envelope-derivative' on page 39 undefi
ned on input line 350.

[39{/usr/share/texmf/fonts/enc/dvips/lm/lm-ts1.enc}]

LaTeX Warning: Reference `sec:hko-local-maximum' on page 40 undefined on input 
line 373.


LaTeX Warning: Reference `sec:hko-local-maximum' on page 40 undefined on input 
line 394.

) (./recovered/thesis-candidate/07-hko.tex [40]

LaTeX Warning: Citation 'HaimKislevOstrover2024' on page 41 undefined on input 
line 8.

(./recovered/thesis-candidate/hko-lemma-geometry.tex [41] [42]

LaTeX Warning: Reference `lem:hko-smooth-volume' on page 43 undefined on input 
line 128.

) (./recovered/thesis-candidate/hko-lemma-bounds.tex

LaTeX Warning: Reference `app:hko-cas' on page 43 undefined on input line 47.

[43] [44]

LaTeX Warning: Reference `page:hko-exact-choices' on page 45 undefined on input
 line 143.


LaTeX Warning: Reference `lem:hko-exact-bounds' on page 45 undefined on input l
ine 181.

) (./recovered/thesis-candidate/hko-lemma-conclusion.tex

LaTeX Warning: Reference `lem:hko-exact-bounds' on page 45 undefined on input l
ine 4.

[45]

LaTeX Warning: Reference `fig:hko-upper-mechanism' on page 46 undefined on inpu
t line 30.


LaTeX Warning: Reference `lem:hko-negative-slopes' on page 46 undefined on inpu
t line 67.

[46 <./recovered/hko-figures/upper-bound-mechanisms.pdf>]

LaTeX Warning: Reference `lem:hko-exact-bounds' on page 47 undefined on input l
ine 96.


LaTeX Warning: Reference `fig:hko-symmetry-extension' on page 47 undefined on i
nput line 100.


LaTeX Warning: Reference `thm:hko-ten-facet-local-maximum' on page 47 undefined
 on input line 113.


LaTeX Warning: Reference `lem:hko-row-neighborhood' on page 47 undefined on inp
ut line 114.


LaTeX Warning: Reference `lem:hko-symmetry-decomposition' on page 47 undefined 
on input line 116.


LaTeX Warning: Reference `lem:hko-slice-decrease' on page 47 undefined on input
 line 118.

[47 <./recovered/hko-figures/symmetry-extension.pdf>]) [48]
(./recovered/hko-writing/sections-readable.tex))
(./ds-complete-draft/chapter.tex [49]

LaTeX Warning: Reference `app:ds-generation' on page 50 undefined on input line
 76.


LaTeX Warning: Reference `app:ds-evaluation' on page 50 undefined on input line
 78.


LaTeX Warning: Reference `fig:ds-ridge-association' on page 50 undefined on inp
ut line 80.


LaTeX Warning: Reference `fig:ds-ridge-products' on page 50 undefined on input 
line 80.

[50]

LaTeX Warning: Reference `fig:ds-conditional-ranks' on page 51 undefined on inp
ut line 86.


LaTeX Warning: Reference `app:ds-selection' on page 51 undefined on input line 
114.


LaTeX Warning: Reference `app:ds-prediction' on page 51 undefined on input line
 122.


LaTeX Warning: Reference `app:ds-evaluation' on page 51 undefined on input line
 130.


LaTeX Warning: Reference `app:ds-evaluation' on page 51 undefined on input line
 130.

[51 <./ds-complete-draft/figures/conditional-ridge-correlation.pdf>] [52 <./ds-
complete-draft/figures/association-generic.pdf>] [53 <./ds-complete-draft/figur
es/association-products.pdf>]

LaTeX Warning: Reference `app:ds-selection' on page 54 undefined on input line 
183.


LaTeX Warning: Reference `app:ds-selection' on page 54 undefined on input line 
201.

[54]

LaTeX Warning: Reference `thm:rotated-pentagon-product-formula' on page 55 unde
fined on input line 261.


LaTeX Warning: Reference `eq:ds-pentagon-ridge-capacity' on page 55 undefined o
n input line 262.


LaTeX Warning: Reference `app:ds-triangle-profile' on page 55 undefined on inpu
t line 275.

[55]

LaTeX Warning: Citation 'dsGardner2002' on page 56 undefined on input line 306.



LaTeX Warning: Reference `app:ds-selection' on page 56 undefined on input line 
375.

[56]

LaTeX Warning: Reference `app:ds-triangle-profile' on page 57 undefined on inpu
t line 403.


LaTeX Warning: Reference `eq:ds-triangle-profile' on page 57 undefined on input
 line 405.


LaTeX Warning: Reference `app:ds-balance' on page 57 undefined on input line 41
0.


LaTeX Warning: Reference `app:ds-deformations' on page 57 undefined on input li
ne 436.

[57]

LaTeX Warning: Citation 'dsDeBoer2005' on page 58 undefined on input line 478.


LaTeX Warning: Reference `app:ds-adaptive' on page 58 undefined on input line 5
03.


LaTeX Warning: Reference `app:ds-deformations' on page 58 undefined on input li
ne 508.


LaTeX Warning: Reference `subsec:first-order-search-model' on page 58 undefined
 on input line 513.

[58]

LaTeX Warning: Citation 'dsHansen2016' on page 59 undefined on input line 543.


LaTeX Warning: Reference `app:ds-local-optimization' on page 59 undefined on in
put line 548.


LaTeX Warning: Reference `app:ds-probes' on page 59 undefined on input line 567
.


LaTeX Warning: Citation 'dsBMP2026' on page 59 undefined on input line 574.

) (./09-rotated-regular-polygons.tex [59]

LaTeX Warning: Reference `fig:rotated-pentagons-curve' on page 60 undefined on 
input line 27.

[60 <./figures/rotation-profile.png>]

LaTeX Warning: Citation 'HaimKislevOstrover2024' on page 61 undefined on input 
line 91.


LaTeX Warning: Citation 'HK2017' on page 61 undefined on input line 134.


Overfull \hbox (14.83606pt too wide) in paragraph at lines 132--135
\T1/lmr/m/n/10.95 (-20) This uses the traver-sal or-der of the quadratic-progra
m chap-ter. The Haim--Kislev for-mula [[]]
[61]

LaTeX Warning: Reference `eq:pentagon-q-definition' on page 62 undefined on inp
ut line 195.


LaTeX Warning: Reference `eq:pentagon-known-endpoints' on page 62 undefined on 
input line 218.


LaTeX Warning: Reference `eq:pentagon-hk' on page 62 undefined on input line 21
8.


LaTeX Warning: Reference `eq:pentagon-interpolation' on page 62 undefined on in
put line 225.

[62]

LaTeX Warning: Reference `eq:pentagon-attaining-word' on page 63 undefined on i
nput line 233.


LaTeX Warning: Reference `eq:pentagon-capacity-profile' on page 63 undefined on
 input line 241.


LaTeX Warning: Reference `thm:rotated-pentagon-product-formula' on page 63 unde
fined on input line 259.

) (./pentagon-affine-draft/section.tex [63]

LaTeX Warning: Citation 'HK2017' on page 64 undefined on input line 57.

[64]

LaTeX Warning: Reference `lem:pentagon-affine-identities' on page 65 undefined 
on input line 166.


LaTeX Warning: Reference `thm:pentagon-affine-capacity' on page 65 undefined on
 input line 171.

[65]) (./product-rotation-draft/section.tex [66]

LaTeX Warning: Citation 'HK2017' on page 67 undefined on input line 52.

[67]

LaTeX Warning: Reference `thm:product-initial-rotation' on page 68 undefined on
 input line 134.

) (legacy/10-visualization-3d.tex

LaTeX Warning: Reference `fig:visualization-projections' on page 68 undefined o
n input line 19.


LaTeX Warning: Reference `sec:hko-local-maximum' on page 68 undefined on input 
line 21.

) (./11-numerics.tex [68] [69 <legacy/figures/visualization/viz-hypercube-ridge
s.png (PNG copy)> <legacy/figures/visualization/viz-hko-pentagon-min-orbit.png 
(PNG copy)>]

LaTeX Warning: Reference `eq:quadratic-program-algorithm-hk2019-q' on page 70 u
ndefined on input line 62.

[70]

LaTeX Warning: Reference `alg:quadratic-program-product-closure-vertices' on pa
ge 71 undefined on input line 143.

[71]

LaTeX Warning: Reference `thm:quadratic-program-product-six-facet' on page 72 u
ndefined on input line 185.

) (legacy/12-published-code-data.tex

LaTeX Warning: Reference `subsec:hko-local-maximum-computation-with-sagemath' o
n page 72 undefined on input line 20.

[72]) (./recovered/ai-writing/chapter.tex [73]

LaTeX Warning: Citation 'aiGuo2025' on page 74 undefined on input line 51.

[74]

LaTeX Warning: Citation 'aiOuyang2022' on page 75 undefined on input line 129.

[75]) (./recovered/thesis-candidate/14-conclusion.tex [76]

LaTeX Warning: Reference `eq:ds-pentagon-ridge-capacity' on page 77 undefined o
n input line 62.


LaTeX Warning: Reference `eq:ds-triangle-profile' on page 77 undefined on input
 line 64.

[77]) (./ds-complete-draft/appendix.tex

LaTeX Warning: Reference `sec:black-box-datascience' on page 78 undefined on in
put line 4.


LaTeX Warning: Reference `eq:ds-triangle-profile' on page 78 undefined on input
 line 10.

[78]

LaTeX Warning: Reference `tab:ds-evidence-index' on page 79 undefined on input 
line 105.

[79]

LaTeX Warning: Citation 'dsBreiman2001' on page 80 undefined on input line 145.



LaTeX Warning: Citation 'dsSklearnHGB' on page 80 undefined on input line 162.


Overfull \hbox (63.52841pt too wide) in paragraph at lines 161--168
[]\T1/lmr/m/n/10.95 (-20) A sep-a-rate feature-family com-par-i-son used histog
ram-based gradient-boosted re-gres-sion [[]],

LaTeX Warning: Reference `tab:ds-evidence-index' on page 80 undefined on input 
line 206.

[80] [81] [82]

LaTeX Warning: Reference `subsec:black-box-datascience-finite-budget-optimizati
on' on page 83 undefined on input line 385.

[83] [84] [85 <./ds-complete-draft/figures/hko-recovery-by-source-distance.pdf>
] [86] [87 <./ds-complete-draft/figures/derivative-and-kkt-scale.pdf>]

LaTeX Warning: Reference `tab:ds-evidence-index' on page 88 undefined on input 
line 641.

[88]) [89] (./recovered/hko-cas-appendix/hko-cas-appendix.tex

LaTeX Warning: Reference `lem:hko-exact-bounds' on page 90 undefined on input l
ine 7.

(/usr/share/texlive/texmf-dist/tex/latex/listings/lstlang1.sty)
(./recovered/hko-cas-appendix/hko_core.py)
(./recovered/hko-cas-appendix/hko_core.py [90])

LaTeX Warning: Reference `lem:hko-smooth-volume' on page 91 undefined on input 
line 38.

(./recovered/hko-cas-appendix/hko_core.py)
(/usr/share/texlive/texmf-dist/tex/latex/amsfonts/ueuf.fd)
(/usr/share/texlive/texmf-dist/tex/latex/microtype/mt-euf.cfg)

LaTeX Warning: Reference `lem:hko-exact-bounds' on page 91 undefined on input l
ine 52.


LaTeX Warning: Reference `lem:hko-negative-slopes' on page 91 undefined on inpu
t line 53.

(./recovered/hko-cas-appendix/hko_core.py [91])

LaTeX Warning: Reference `lem:hko-row-neighborhood' on page 92 undefined on inp
ut line 63.


LaTeX Warning: Reference `lem:hko-smooth-volume' on page 92 undefined on input 
line 63.


LaTeX Warning: Reference `lem:hko-negative-slopes' on page 92 undefined on inpu
t line 64.


LaTeX Warning: Reference `lem:hko-symmetry-decomposition' on page 92 undefined 
on input line 64.

)

LaTeX Warning: Empty bibliography on input line 91.

[92] (build/main.aux)

LaTeX Warning: There were undefined references.


LaTeX Warning: Label(s) may have changed. Rerun to get cross-references right.


Package rerunfilecheck Warning: File `main.out' has changed.
(rerunfilecheck)                Rerun to get outlines right
(rerunfilecheck)                or use package `bookmark'.


Package biblatex Warning: Please (re)run Biber on the file:
(biblatex)                main
(biblatex)                and rerun LaTeX afterwards.

 )
(see the transcript file for additional information)</usr/share/texlive/texmf-d
ist/fonts/type1/public/amsfonts/euler/eufm10.pfb></usr/share/texmf/fonts/type1/
public/lm/lmbx10.pfb></usr/share/texmf/fonts/type1/public/lm/lmbx12.pfb></usr/s
hare/texmf/fonts/type1/public/lm/lmex10.pfb></usr/share/texmf/fonts/type1/publi
c/lm/lmmi10.pfb></usr/share/texmf/fonts/type1/public/lm/lmmi6.pfb></usr/share/t
exmf/fonts/type1/public/lm/lmmi7.pfb></usr/share/texmf/fonts/type1/public/lm/lm
mi8.pfb></usr/share/texmf/fonts/type1/public/lm/lmmi9.pfb></usr/share/texmf/fon
ts/type1/public/lm/lmr10.pfb></usr/share/texmf/fonts/type1/public/lm/lmr12.pfb>
</usr/share/texmf/fonts/type1/public/lm/lmr17.pfb></usr/share/texmf/fonts/type1
/public/lm/lmr6.pfb></usr/share/texmf/fonts/type1/public/lm/lmr7.pfb></usr/shar
e/texmf/fonts/type1/public/lm/lmr8.pfb></usr/share/texmf/fonts/type1/public/lm/
lmr9.pfb></usr/share/texmf/fonts/type1/public/lm/lmri10.pfb></usr/share/texmf/f
onts/type1/public/lm/lmss8.pfb></usr/share/texmf/fonts/type1/public/lm/lmsy10.p
fb></usr/share/texmf/fonts/type1/public/lm/lmsy8.pfb></usr/share/texmf/fonts/ty
pe1/public/lm/lmsy9.pfb></usr/share/texmf/fonts/type1/public/lm/lmtk10.pfb></us
r/share/texmf/fonts/type1/public/lm/lmtt10.pfb></usr/share/texmf/fonts/type1/pu
blic/lm/lmtt9.pfb></usr/share/texmf/fonts/type1/public/lm/lmtti10.pfb></usr/sha
re/texlive/texmf-dist/fonts/type1/public/amsfonts/symbols/msbm10.pfb>
Output written on build/main.pdf (92 pages, 1667537 bytes).
Transcript written on build/main.log.
Latexmk: Missing bbl file 'build/main.bbl' in following:
 No file main.bbl.
Latexmk: Missing input file 'main.toc' (or dependence on it) from following:
  No file main.toc.
Latexmk: Getting log file 'build/main.log'
Latexmk: Examining 'build/main.fls'
Latexmk: Examining 'build/main.log'
Latexmk: References changed.
Latexmk: References changed.
Latexmk: Log file says output to 'build/main.pdf'
Latexmk: Bibliography file(s) from .bcf file:
  ds-complete-draft/references.bib
  legacy/bibliography.bib
  recovered/ai-writing/references.bib
  recovered/thesis-candidate/additional.bib
Latexmk: applying rule 'biber build/main'...
Rule 'biber build/main':  Reasons for rerun
Category 'other':
  Rerun of 'biber build/main' forced or previously required:
    Reason or flag: 'Initial set up of rule'

------------
Run number 1 of rule 'biber build/main'
------------
------------
Running 'biber  "build/main.bcf"'
------------
INFO - This is Biber 2.19
INFO - Logfile is 'build/main.blg'
INFO - Reading 'build/main.bcf'
INFO - Found 21 citekeys in bib section 0
INFO - Processing section 0
INFO - Looking for bibtex file 'bibliography.bib' for section 0
INFO - LaTeX decoding ...
INFO - Found BibTeX data source 'legacy/bibliography.bib'
INFO - Looking for bibtex file 'recovered/thesis-candidate/additional.bib' for section 0
INFO - LaTeX decoding ...
INFO - Found BibTeX data source 'recovered/thesis-candidate/additional.bib'
INFO - Looking for bibtex file 'ds-complete-draft/references.bib' for section 0
INFO - LaTeX decoding ...
INFO - Found BibTeX data source 'ds-complete-draft/references.bib'
INFO - Looking for bibtex file 'recovered/ai-writing/references.bib' for section 0
INFO - LaTeX decoding ...
INFO - Found BibTeX data source 'recovered/ai-writing/references.bib'
INFO - Overriding locale 'en-US' defaults 'normalization = NFD' with 'normalization = prenormalized'
INFO - Overriding locale 'en-US' defaults 'variable = shifted' with 'variable = non-ignorable'
INFO - Sorting list 'anyt/global//global/global' of type 'entry' with template 'anyt' and locale 'en-US'
INFO - No sort tailoring available for locale 'en-US'
INFO - Writing 'build/main.bbl' with encoding 'UTF-8'
INFO - Output to build/main.bbl
Latexmk: Found biber source file(s) [build/main.bcf, ds-complete-draft/references.bib, legacy/bibliography.bib, recovered/ai-writing/references.bib, recovered/thesis-candidate/additional.bib]
Latexmk: applying rule 'pdflatex'...
Rule 'pdflatex':  Reasons for rerun
Changed files or newly in use/created:
  build/main.aux
  build/main.bbl
  build/main.out
  build/main.toc

------------
Run number 2 of rule 'pdflatex'
------------
------------
Running 'pdflatex  -interaction=nonstopmode -halt-on-error -recorder -output-directory="build"  "main.tex"'
------------
This is pdfTeX, Version 3.141592653-2.6-1.40.25 (TeX Live 2023/Debian) (preloaded format=pdflatex)
 restricted \write18 enabled.
entering extended mode
(./main.tex
LaTeX2e <2023-11-01> patch level 1
L3 programming layer <2024-01-22>
(/usr/share/texlive/texmf-dist/tex/latex/base/article.cls
Document Class: article 2023/05/17 v1.4n Standard LaTeX document class
(/usr/share/texlive/texmf-dist/tex/latex/base/size11.clo))
(/usr/share/texlive/texmf-dist/tex/latex/geometry/geometry.sty
(/usr/share/texlive/texmf-dist/tex/latex/graphics/keyval.sty)
(/usr/share/texlive/texmf-dist/tex/generic/iftex/ifvtex.sty
(/usr/share/texlive/texmf-dist/tex/generic/iftex/iftex.sty)))
(/usr/share/texlive/texmf-dist/tex/latex/amsmath/amsmath.sty
For additional information on amsmath, use the `?' option.
(/usr/share/texlive/texmf-dist/tex/latex/amsmath/amstext.sty
(/usr/share/texlive/texmf-dist/tex/latex/amsmath/amsgen.sty))
(/usr/share/texlive/texmf-dist/tex/latex/amsmath/amsbsy.sty)
(/usr/share/texlive/texmf-dist/tex/latex/amsmath/amsopn.sty))
(/usr/share/texlive/texmf-dist/tex/latex/amsfonts/amssymb.sty
(/usr/share/texlive/texmf-dist/tex/latex/amsfonts/amsfonts.sty))
(/usr/share/texlive/texmf-dist/tex/latex/amscls/amsthm.sty)
(/usr/share/texlive/texmf-dist/tex/latex/booktabs/booktabs.sty)
(/usr/share/texlive/texmf-dist/tex/latex/tools/longtable.sty)
(/usr/share/texlive/texmf-dist/tex/latex/tools/array.sty)
(/usr/share/texlive/texmf-dist/tex/latex/microtype/microtype.sty
(/usr/share/texlive/texmf-dist/tex/latex/etoolbox/etoolbox.sty)
(/usr/share/texlive/texmf-dist/tex/latex/microtype/microtype-pdftex.def)
(/usr/share/texlive/texmf-dist/tex/latex/microtype/microtype.cfg))
(/usr/share/texlive/texmf-dist/tex/latex/base/fontenc.sty)
(/usr/share/texmf/tex/latex/lm/lmodern.sty)
(/usr/share/texlive/texmf-dist/tex/latex/mathtools/mathtools.sty
(/usr/share/texlive/texmf-dist/tex/latex/tools/calc.sty)
(/usr/share/texlive/texmf-dist/tex/latex/mathtools/mhsetup.sty))
(/usr/share/texlive/texmf-dist/tex/latex/graphics/graphicx.sty
(/usr/share/texlive/texmf-dist/tex/latex/graphics/graphics.sty
(/usr/share/texlive/texmf-dist/tex/latex/graphics/trig.sty)
(/usr/share/texlive/texmf-dist/tex/latex/graphics-cfg/graphics.cfg)
(/usr/share/texlive/texmf-dist/tex/latex/graphics-def/pdftex.def)))
(/usr/share/texlive/texmf-dist/tex/latex/needspace/needspace.sty)
(/usr/share/texlive/texmf-dist/tex/latex/placeins/placeins.sty)
(/usr/share/texlive/texmf-dist/tex/latex/xcolor/xcolor.sty
(/usr/share/texlive/texmf-dist/tex/latex/graphics-cfg/color.cfg)
(/usr/share/texlive/texmf-dist/tex/latex/graphics/mathcolor.ltx))
(/usr/share/texlive/texmf-dist/tex/latex/listings/listings.sty
(/usr/share/texlive/texmf-dist/tex/latex/listings/lstmisc.sty)
(/usr/share/texlive/texmf-dist/tex/latex/listings/listings.cfg))
(/usr/share/texlive/texmf-dist/tex/latex/hyperref/hyperref.sty
(/usr/share/texlive/texmf-dist/tex/latex/kvsetkeys/kvsetkeys.sty)
(/usr/share/texlive/texmf-dist/tex/generic/kvdefinekeys/kvdefinekeys.sty)
(/usr/share/texlive/texmf-dist/tex/generic/pdfescape/pdfescape.sty
(/usr/share/texlive/texmf-dist/tex/generic/ltxcmds/ltxcmds.sty)
(/usr/share/texlive/texmf-dist/tex/generic/pdftexcmds/pdftexcmds.sty
(/usr/share/texlive/texmf-dist/tex/generic/infwarerr/infwarerr.sty)))
(/usr/share/texlive/texmf-dist/tex/latex/hycolor/hycolor.sty)
(/usr/share/texlive/texmf-dist/tex/latex/auxhook/auxhook.sty)
(/usr/share/texlive/texmf-dist/tex/latex/hyperref/nameref.sty
(/usr/share/texlive/texmf-dist/tex/latex/refcount/refcount.sty)
(/usr/share/texlive/texmf-dist/tex/generic/gettitlestring/gettitlestring.sty
(/usr/share/texlive/texmf-dist/tex/latex/kvoptions/kvoptions.sty)))
(/usr/share/texlive/texmf-dist/tex/latex/hyperref/pd1enc.def)
(/usr/share/texlive/texmf-dist/tex/generic/intcalc/intcalc.sty)
(/usr/share/texlive/texmf-dist/tex/latex/hyperref/puenc.def)
(/usr/share/texlive/texmf-dist/tex/latex/url/url.sty)
(/usr/share/texlive/texmf-dist/tex/generic/bitset/bitset.sty
(/usr/share/texlive/texmf-dist/tex/generic/bigintcalc/bigintcalc.sty))
(/usr/share/texlive/texmf-dist/tex/latex/base/atbegshi-ltx.sty))
(/usr/share/texlive/texmf-dist/tex/latex/hyperref/hpdftex.def
(/usr/share/texlive/texmf-dist/tex/latex/base/atveryend-ltx.sty)
(/usr/share/texlive/texmf-dist/tex/latex/rerunfilecheck/rerunfilecheck.sty
(/usr/share/texlive/texmf-dist/tex/generic/uniquecounter/uniquecounter.sty)))
(/usr/share/texlive/texmf-dist/tex/latex/biblatex/biblatex.sty
(/usr/share/texlive/texmf-dist/tex/latex/logreq/logreq.sty
(/usr/share/texlive/texmf-dist/tex/latex/logreq/logreq.def))
(/usr/share/texlive/texmf-dist/tex/latex/base/ifthen.sty)
(/usr/share/texlive/texmf-dist/tex/latex/biblatex/blx-dm.def)
(/usr/share/texlive/texmf-dist/tex/latex/biblatex/blx-compat.def)
(/usr/share/texlive/texmf-dist/tex/latex/biblatex/biblatex.def)
(/usr/share/texlive/texmf-dist/tex/latex/biblatex/bbx/alphabetic.bbx
(/usr/share/texlive/texmf-dist/tex/latex/biblatex/bbx/standard.bbx))
(/usr/share/texlive/texmf-dist/tex/latex/biblatex/cbx/alphabetic.cbx)
(/usr/share/texlive/texmf-dist/tex/latex/biblatex/biblatex.cfg)
(/usr/share/texlive/texmf-dist/tex/latex/l3kernel/expl3.sty
(/usr/share/texlive/texmf-dist/tex/latex/l3backend/l3backend-pdftex.def))
(/usr/share/texlive/texmf-dist/tex/latex/biblatex/blx-case-expl3.sty
(/usr/share/texlive/texmf-dist/tex/latex/l3packages/xparse/xparse.sty)))
(legacy/preamble.tex
(/usr/share/texlive/texmf-dist/tex/latex/mdframed/mdframed.sty
(/usr/share/texlive/texmf-dist/tex/latex/zref/zref-abspage.sty
(/usr/share/texlive/texmf-dist/tex/latex/zref/zref-base.sty
(/usr/share/texlive/texmf-dist/tex/generic/etexcmds/etexcmds.sty)))
(/usr/share/texlive/texmf-dist/tex/latex/mdframed/md-frame-0.mdf)))
(/usr/share/texmf/tex/latex/lm/t1lmr.fd) (build/main.aux)
*geometry* driver: auto-detecting
*geometry* detected driver: pdftex
(/usr/share/texlive/texmf-dist/tex/latex/microtype/mt-cmr.cfg)
(/usr/share/texlive/texmf-dist/tex/context/base/mkii/supp-pdf.mkii
[Loading MPS to PDF converter (version 2006.09.02).]
) (/usr/share/texlive/texmf-dist/tex/latex/epstopdf-pkg/epstopdf-base.sty
(/usr/share/texlive/texmf-dist/tex/latex/latexconfig/epstopdf-sys.cfg))
(build/main.out) (build/main.out)
(/usr/share/texlive/texmf-dist/tex/latex/biblatex/lbx/english.lbx)
(build/main.bbl) (/usr/share/texmf/tex/latex/lm/ot1lmr.fd)
(/usr/share/texmf/tex/latex/lm/omllmm.fd)
(/usr/share/texmf/tex/latex/lm/omslmsy.fd)
(/usr/share/texmf/tex/latex/lm/omxlmex.fd)
(/usr/share/texlive/texmf-dist/tex/latex/amsfonts/umsa.fd)
(/usr/share/texlive/texmf-dist/tex/latex/microtype/mt-msa.cfg)
(/usr/share/texlive/texmf-dist/tex/latex/amsfonts/umsb.fd)
(/usr/share/texlive/texmf-dist/tex/latex/microtype/mt-msb.cfg)
(./recovered/thesis-candidate/00-abstract.tex) (./ai-use-disclosure.tex
[1{/var/lib/texmf/fonts/map/pdftex/updmap/pdftex.map}{/usr/share/texmf/fonts/en
c/dvips/lm/lm-ec.enc}{/usr/share/texmf/fonts/enc/dvips/lm/lm-rm.enc}{/usr/share
/texmf/fonts/enc/dvips/lm/lm-mathsy.enc}{/usr/share/texmf/fonts/enc/dvips/lm/lm
-mathit.enc}] [2]) (build/main.toc [3]) [4]
(./recovered/thesis-candidate/01-introduction.tex [5] [6{/usr/share/texmf/fonts
/enc/dvips/lm/lm-mathex.enc}] [7])
(./recovered/thesis-candidate/02-preliminaries.tex
(./recovered/thesis-candidate/02-preliminaries-convex-symplectic-notation.tex
[8]) (legacy/02-preliminaries-convex-hamiltonian-language.tex)
(./recovered/thesis-candidate/02-preliminaries-ehz-capacity.tex [9] [10 <legacy
/figures/foundations/characteristic-normalization.pdf>])
(legacy/02-preliminaries-polytope-input-language.tex)
(legacy/02-preliminaries-lagrangian-products.tex [11])
(./recovered/thesis-candidate/02-duality.tex [12 <legacy/figures/foundations/fa
cet-polarity.pdf>] [13] [14])) (./03-generalized-reeb-orbits-polytopes.tex
[15] [16] (/usr/share/texmf/tex/latex/lm/ot1lmss.fd) [17] [18] [19] [20])
(./04-quadratic-program.tex [21] [22] [23] [24] [25] [26] [27] [28])
(./05-flow-graph.tex [29] [30] (/usr/share/texmf/tex/latex/lm/t1lmtt.fd)
[31] [32 <legacy/figures/flow-graph/flow-graph-f6-tube-sequence.pdf>] [33]
[34] (legacy/05-flow-graph-ch2021-background-comparison.tex [35]))
(./recovered/thesis-candidate/06-variation.tex [36] [37] [38] [39]
(/usr/share/texmf/tex/latex/lm/ts1lmr.fd) [40{/usr/share/texmf/fonts/enc/dvips/
lm/lm-ts1.enc}]) (./recovered/thesis-candidate/07-hko.tex [41]
(./recovered/thesis-candidate/hko-lemma-geometry.tex [42] [43])
(./recovered/thesis-candidate/hko-lemma-bounds.tex [44] [45])
(./recovered/thesis-candidate/hko-lemma-conclusion.tex [46] [47 <./recovered/hk
o-figures/upper-bound-mechanisms.pdf>] [48 <./recovered/hko-figures/symmetry-ex
tension.pdf>]) [49] (./recovered/hko-writing/sections-readable.tex))
(./ds-complete-draft/chapter.tex [50] [51] [52 <./ds-complete-draft/figures/con
ditional-ridge-correlation.pdf>] [53 <./ds-complete-draft/figures/association-g
eneric.pdf>] [54 <./ds-complete-draft/figures/association-products.pdf>]
[55] [56] [57] [58] [59]) (./09-rotated-regular-polygons.tex [60] [61 <./figure
s/rotation-profile.png>] [62] [63]) (./pentagon-affine-draft/section.tex
[64] [65] [66]) (./product-rotation-draft/section.tex [67] [68])
(legacy/10-visualization-3d.tex) (./11-numerics.tex [69] [70 <legacy/figures/vi
sualization/viz-hypercube-ridges.png (PNG copy)> <legacy/figures/visualization/
viz-hko-pentagon-min-orbit.png (PNG copy)>] [71] [72])
(legacy/12-published-code-data.tex [73]) (./recovered/ai-writing/chapter.tex
[74] [75] [76]) (./recovered/thesis-candidate/14-conclusion.tex [77] [78])
(./ds-complete-draft/appendix.tex [79] [80] [81] [82] [83] [84] [85] [86 <./ds-
complete-draft/figures/hko-recovery-by-source-distance.pdf>] [87] [88 <./ds-com
plete-draft/figures/derivative-and-kkt-scale.pdf>] [89]) [90]
(./recovered/hko-cas-appendix/hko-cas-appendix.tex
(/usr/share/texlive/texmf-dist/tex/latex/listings/lstlang1.sty)
(./recovered/hko-cas-appendix/hko_core.py)
(./recovered/hko-cas-appendix/hko_core.py [91])
(./recovered/hko-cas-appendix/hko_core.py)
(/usr/share/texlive/texmf-dist/tex/latex/amsfonts/ueuf.fd)
(/usr/share/texlive/texmf-dist/tex/latex/microtype/mt-euf.cfg)
(./recovered/hko-cas-appendix/hko_core.py [92])) [93] [94] (build/main.aux)

LaTeX Warning: There were undefined references.


LaTeX Warning: Label(s) may have changed. Rerun to get cross-references right.


Package rerunfilecheck Warning: File `main.out' has changed.
(rerunfilecheck)                Rerun to get outlines right
(rerunfilecheck)                or use package `bookmark'.


Package biblatex Warning: Please rerun LaTeX.

 )</usr/share/texlive/texmf-dist/fonts/type1/public/amsfonts/euler/eufm10.pfb><
/usr/share/texmf/fonts/type1/public/lm/lmbx10.pfb></usr/share/texmf/fonts/type1
/public/lm/lmbx12.pfb></usr/share/texmf/fonts/type1/public/lm/lmcsc10.pfb></usr
/share/texmf/fonts/type1/public/lm/lmex10.pfb></usr/share/texmf/fonts/type1/pub
lic/lm/lmmi10.pfb></usr/share/texmf/fonts/type1/public/lm/lmmi6.pfb></usr/share
/texmf/fonts/type1/public/lm/lmmi7.pfb></usr/share/texmf/fonts/type1/public/lm/
lmmi8.pfb></usr/share/texmf/fonts/type1/public/lm/lmmi9.pfb></usr/share/texmf/f
onts/type1/public/lm/lmr10.pfb></usr/share/texmf/fonts/type1/public/lm/lmr12.pf
b></usr/share/texmf/fonts/type1/public/lm/lmr17.pfb></usr/share/texmf/fonts/typ
e1/public/lm/lmr6.pfb></usr/share/texmf/fonts/type1/public/lm/lmr7.pfb></usr/sh
are/texmf/fonts/type1/public/lm/lmr8.pfb></usr/share/texmf/fonts/type1/public/l
m/lmr9.pfb></usr/share/texmf/fonts/type1/public/lm/lmri10.pfb></usr/share/texmf
/fonts/type1/public/lm/lmss8.pfb></usr/share/texmf/fonts/type1/public/lm/lmsy10
.pfb></usr/share/texmf/fonts/type1/public/lm/lmsy8.pfb></usr/share/texmf/fonts/
type1/public/lm/lmsy9.pfb></usr/share/texmf/fonts/type1/public/lm/lmtk10.pfb></
usr/share/texmf/fonts/type1/public/lm/lmtt10.pfb></usr/share/texmf/fonts/type1/
public/lm/lmtt9.pfb></usr/share/texmf/fonts/type1/public/lm/lmtti10.pfb></usr/s
hare/texlive/texmf-dist/fonts/type1/public/amsfonts/symbols/msbm10.pfb>
Output written on build/main.pdf (94 pages, 1720727 bytes).
Transcript written on build/main.log.
Latexmk: Getting log file 'build/main.log'
Latexmk: Examining 'build/main.fls'
Latexmk: Examining 'build/main.log'
Latexmk: Found input bbl file 'build/main.bbl'
Latexmk: References changed.
Latexmk: References changed.
Latexmk: Log file says output to 'build/main.pdf'
Latexmk: Bibliography file(s) from .bcf file:
  ds-complete-draft/references.bib
  legacy/bibliography.bib
  recovered/ai-writing/references.bib
  recovered/thesis-candidate/additional.bib
Latexmk: applying rule 'pdflatex'...
Rule 'pdflatex':  Reasons for rerun
Changed files or newly in use/created:
  build/main.aux
  build/main.out
  build/main.run.xml
  build/main.toc

------------
Run number 3 of rule 'pdflatex'
------------
------------
Running 'pdflatex  -interaction=nonstopmode -halt-on-error -recorder -output-directory="build"  "main.tex"'
------------
This is pdfTeX, Version 3.141592653-2.6-1.40.25 (TeX Live 2023/Debian) (preloaded format=pdflatex)
 restricted \write18 enabled.
entering extended mode
(./main.tex
LaTeX2e <2023-11-01> patch level 1
L3 programming layer <2024-01-22>
(/usr/share/texlive/texmf-dist/tex/latex/base/article.cls
Document Class: article 2023/05/17 v1.4n Standard LaTeX document class
(/usr/share/texlive/texmf-dist/tex/latex/base/size11.clo))
(/usr/share/texlive/texmf-dist/tex/latex/geometry/geometry.sty
(/usr/share/texlive/texmf-dist/tex/latex/graphics/keyval.sty)
(/usr/share/texlive/texmf-dist/tex/generic/iftex/ifvtex.sty
(/usr/share/texlive/texmf-dist/tex/generic/iftex/iftex.sty)))
(/usr/share/texlive/texmf-dist/tex/latex/amsmath/amsmath.sty
For additional information on amsmath, use the `?' option.
(/usr/share/texlive/texmf-dist/tex/latex/amsmath/amstext.sty
(/usr/share/texlive/texmf-dist/tex/latex/amsmath/amsgen.sty))
(/usr/share/texlive/texmf-dist/tex/latex/amsmath/amsbsy.sty)
(/usr/share/texlive/texmf-dist/tex/latex/amsmath/amsopn.sty))
(/usr/share/texlive/texmf-dist/tex/latex/amsfonts/amssymb.sty
(/usr/share/texlive/texmf-dist/tex/latex/amsfonts/amsfonts.sty))
(/usr/share/texlive/texmf-dist/tex/latex/amscls/amsthm.sty)
(/usr/share/texlive/texmf-dist/tex/latex/booktabs/booktabs.sty)
(/usr/share/texlive/texmf-dist/tex/latex/tools/longtable.sty)
(/usr/share/texlive/texmf-dist/tex/latex/tools/array.sty)
(/usr/share/texlive/texmf-dist/tex/latex/microtype/microtype.sty
(/usr/share/texlive/texmf-dist/tex/latex/etoolbox/etoolbox.sty)
(/usr/share/texlive/texmf-dist/tex/latex/microtype/microtype-pdftex.def)
(/usr/share/texlive/texmf-dist/tex/latex/microtype/microtype.cfg))
(/usr/share/texlive/texmf-dist/tex/latex/base/fontenc.sty)
(/usr/share/texmf/tex/latex/lm/lmodern.sty)
(/usr/share/texlive/texmf-dist/tex/latex/mathtools/mathtools.sty
(/usr/share/texlive/texmf-dist/tex/latex/tools/calc.sty)
(/usr/share/texlive/texmf-dist/tex/latex/mathtools/mhsetup.sty))
(/usr/share/texlive/texmf-dist/tex/latex/graphics/graphicx.sty
(/usr/share/texlive/texmf-dist/tex/latex/graphics/graphics.sty
(/usr/share/texlive/texmf-dist/tex/latex/graphics/trig.sty)
(/usr/share/texlive/texmf-dist/tex/latex/graphics-cfg/graphics.cfg)
(/usr/share/texlive/texmf-dist/tex/latex/graphics-def/pdftex.def)))
(/usr/share/texlive/texmf-dist/tex/latex/needspace/needspace.sty)
(/usr/share/texlive/texmf-dist/tex/latex/placeins/placeins.sty)
(/usr/share/texlive/texmf-dist/tex/latex/xcolor/xcolor.sty
(/usr/share/texlive/texmf-dist/tex/latex/graphics-cfg/color.cfg)
(/usr/share/texlive/texmf-dist/tex/latex/graphics/mathcolor.ltx))
(/usr/share/texlive/texmf-dist/tex/latex/listings/listings.sty
(/usr/share/texlive/texmf-dist/tex/latex/listings/lstmisc.sty)
(/usr/share/texlive/texmf-dist/tex/latex/listings/listings.cfg))
(/usr/share/texlive/texmf-dist/tex/latex/hyperref/hyperref.sty
(/usr/share/texlive/texmf-dist/tex/latex/kvsetkeys/kvsetkeys.sty)
(/usr/share/texlive/texmf-dist/tex/generic/kvdefinekeys/kvdefinekeys.sty)
(/usr/share/texlive/texmf-dist/tex/generic/pdfescape/pdfescape.sty
(/usr/share/texlive/texmf-dist/tex/generic/ltxcmds/ltxcmds.sty)
(/usr/share/texlive/texmf-dist/tex/generic/pdftexcmds/pdftexcmds.sty
(/usr/share/texlive/texmf-dist/tex/generic/infwarerr/infwarerr.sty)))
(/usr/share/texlive/texmf-dist/tex/latex/hycolor/hycolor.sty)
(/usr/share/texlive/texmf-dist/tex/latex/auxhook/auxhook.sty)
(/usr/share/texlive/texmf-dist/tex/latex/hyperref/nameref.sty
(/usr/share/texlive/texmf-dist/tex/latex/refcount/refcount.sty)
(/usr/share/texlive/texmf-dist/tex/generic/gettitlestring/gettitlestring.sty
(/usr/share/texlive/texmf-dist/tex/latex/kvoptions/kvoptions.sty)))
(/usr/share/texlive/texmf-dist/tex/latex/hyperref/pd1enc.def)
(/usr/share/texlive/texmf-dist/tex/generic/intcalc/intcalc.sty)
(/usr/share/texlive/texmf-dist/tex/latex/hyperref/puenc.def)
(/usr/share/texlive/texmf-dist/tex/latex/url/url.sty)
(/usr/share/texlive/texmf-dist/tex/generic/bitset/bitset.sty
(/usr/share/texlive/texmf-dist/tex/generic/bigintcalc/bigintcalc.sty))
(/usr/share/texlive/texmf-dist/tex/latex/base/atbegshi-ltx.sty))
(/usr/share/texlive/texmf-dist/tex/latex/hyperref/hpdftex.def
(/usr/share/texlive/texmf-dist/tex/latex/base/atveryend-ltx.sty)
(/usr/share/texlive/texmf-dist/tex/latex/rerunfilecheck/rerunfilecheck.sty
(/usr/share/texlive/texmf-dist/tex/generic/uniquecounter/uniquecounter.sty)))
(/usr/share/texlive/texmf-dist/tex/latex/biblatex/biblatex.sty
(/usr/share/texlive/texmf-dist/tex/latex/logreq/logreq.sty
(/usr/share/texlive/texmf-dist/tex/latex/logreq/logreq.def))
(/usr/share/texlive/texmf-dist/tex/latex/base/ifthen.sty)
(/usr/share/texlive/texmf-dist/tex/latex/biblatex/blx-dm.def)
(/usr/share/texlive/texmf-dist/tex/latex/biblatex/blx-compat.def)
(/usr/share/texlive/texmf-dist/tex/latex/biblatex/biblatex.def)
(/usr/share/texlive/texmf-dist/tex/latex/biblatex/bbx/alphabetic.bbx
(/usr/share/texlive/texmf-dist/tex/latex/biblatex/bbx/standard.bbx))
(/usr/share/texlive/texmf-dist/tex/latex/biblatex/cbx/alphabetic.cbx)
(/usr/share/texlive/texmf-dist/tex/latex/biblatex/biblatex.cfg)
(/usr/share/texlive/texmf-dist/tex/latex/l3kernel/expl3.sty
(/usr/share/texlive/texmf-dist/tex/latex/l3backend/l3backend-pdftex.def))
(/usr/share/texlive/texmf-dist/tex/latex/biblatex/blx-case-expl3.sty
(/usr/share/texlive/texmf-dist/tex/latex/l3packages/xparse/xparse.sty)))
(legacy/preamble.tex
(/usr/share/texlive/texmf-dist/tex/latex/mdframed/mdframed.sty
(/usr/share/texlive/texmf-dist/tex/latex/zref/zref-abspage.sty
(/usr/share/texlive/texmf-dist/tex/latex/zref/zref-base.sty
(/usr/share/texlive/texmf-dist/tex/generic/etexcmds/etexcmds.sty)))
(/usr/share/texlive/texmf-dist/tex/latex/mdframed/md-frame-0.mdf)))
(/usr/share/texmf/tex/latex/lm/t1lmr.fd) (build/main.aux)
*geometry* driver: auto-detecting
*geometry* detected driver: pdftex
(/usr/share/texlive/texmf-dist/tex/latex/microtype/mt-cmr.cfg)
(/usr/share/texlive/texmf-dist/tex/context/base/mkii/supp-pdf.mkii
[Loading MPS to PDF converter (version 2006.09.02).]
) (/usr/share/texlive/texmf-dist/tex/latex/epstopdf-pkg/epstopdf-base.sty
(/usr/share/texlive/texmf-dist/tex/latex/latexconfig/epstopdf-sys.cfg))
(build/main.out) (build/main.out)
(/usr/share/texlive/texmf-dist/tex/latex/biblatex/lbx/english.lbx)
(build/main.bbl) (/usr/share/texmf/tex/latex/lm/ot1lmr.fd)
(/usr/share/texmf/tex/latex/lm/omllmm.fd)
(/usr/share/texmf/tex/latex/lm/omslmsy.fd)
(/usr/share/texmf/tex/latex/lm/omxlmex.fd)
(/usr/share/texlive/texmf-dist/tex/latex/amsfonts/umsa.fd)
(/usr/share/texlive/texmf-dist/tex/latex/microtype/mt-msa.cfg)
(/usr/share/texlive/texmf-dist/tex/latex/amsfonts/umsb.fd)
(/usr/share/texlive/texmf-dist/tex/latex/microtype/mt-msb.cfg)
(./recovered/thesis-candidate/00-abstract.tex) (./ai-use-disclosure.tex
[1{/var/lib/texmf/fonts/map/pdftex/updmap/pdftex.map}{/usr/share/texmf/fonts/en
c/dvips/lm/lm-ec.enc}{/usr/share/texmf/fonts/enc/dvips/lm/lm-rm.enc}{/usr/share
/texmf/fonts/enc/dvips/lm/lm-mathsy.enc}{/usr/share/texmf/fonts/enc/dvips/lm/lm
-mathit.enc}] [2]) (build/main.toc [3]) [4]
(./recovered/thesis-candidate/01-introduction.tex [5] [6{/usr/share/texmf/fonts
/enc/dvips/lm/lm-mathex.enc}] [7])
(./recovered/thesis-candidate/02-preliminaries.tex
(./recovered/thesis-candidate/02-preliminaries-convex-symplectic-notation.tex
[8]) (legacy/02-preliminaries-convex-hamiltonian-language.tex)
(./recovered/thesis-candidate/02-preliminaries-ehz-capacity.tex [9] [10 <legacy
/figures/foundations/characteristic-normalization.pdf>])
(legacy/02-preliminaries-polytope-input-language.tex)
(legacy/02-preliminaries-lagrangian-products.tex [11])
(./recovered/thesis-candidate/02-duality.tex [12 <legacy/figures/foundations/fa
cet-polarity.pdf>] [13] [14])) (./03-generalized-reeb-orbits-polytopes.tex
[15] [16] (/usr/share/texmf/tex/latex/lm/ot1lmss.fd) [17] [18] [19] [20])
(./04-quadratic-program.tex [21] [22] [23] [24] [25] [26] [27] [28])
(./05-flow-graph.tex [29] [30] (/usr/share/texmf/tex/latex/lm/t1lmtt.fd)
[31] [32 <legacy/figures/flow-graph/flow-graph-f6-tube-sequence.pdf>] [33]
[34] (legacy/05-flow-graph-ch2021-background-comparison.tex [35]))
(./recovered/thesis-candidate/06-variation.tex [36] [37] [38] [39]
(/usr/share/texmf/tex/latex/lm/ts1lmr.fd) [40{/usr/share/texmf/fonts/enc/dvips/
lm/lm-ts1.enc}]) (./recovered/thesis-candidate/07-hko.tex [41]
(./recovered/thesis-candidate/hko-lemma-geometry.tex [42] [43])
(./recovered/thesis-candidate/hko-lemma-bounds.tex [44] [45])
(./recovered/thesis-candidate/hko-lemma-conclusion.tex [46] [47 <./recovered/hk
o-figures/upper-bound-mechanisms.pdf>] [48 <./recovered/hko-figures/symmetry-ex
tension.pdf>]) [49] (./recovered/hko-writing/sections-readable.tex))
(./ds-complete-draft/chapter.tex [50] [51] [52 <./ds-complete-draft/figures/con
ditional-ridge-correlation.pdf>] [53 <./ds-complete-draft/figures/association-g
eneric.pdf>] [54 <./ds-complete-draft/figures/association-products.pdf>]
[55] [56] [57] [58] [59]) (./09-rotated-regular-polygons.tex [60] [61 <./figure
s/rotation-profile.png>] [62] [63]) (./pentagon-affine-draft/section.tex
[64] [65] [66]) (./product-rotation-draft/section.tex [67] [68])
(legacy/10-visualization-3d.tex) (./11-numerics.tex [69] [70 <legacy/figures/vi
sualization/viz-hypercube-ridges.png (PNG copy)> <legacy/figures/visualization/
viz-hko-pentagon-min-orbit.png (PNG copy)>] [71] [72])
(legacy/12-published-code-data.tex [73]) (./recovered/ai-writing/chapter.tex
[74] [75] [76]) (./recovered/thesis-candidate/14-conclusion.tex [77] [78])
(./ds-complete-draft/appendix.tex [79] [80] [81] [82] [83] [84] [85] [86 <./ds-
complete-draft/figures/hko-recovery-by-source-distance.pdf>] [87] [88 <./ds-com
plete-draft/figures/derivative-and-kkt-scale.pdf>] [89]) [90]
(./recovered/hko-cas-appendix/hko-cas-appendix.tex
(/usr/share/texlive/texmf-dist/tex/latex/listings/lstlang1.sty)
(./recovered/hko-cas-appendix/hko_core.py)
(./recovered/hko-cas-appendix/hko_core.py [91])
(./recovered/hko-cas-appendix/hko_core.py)
(/usr/share/texlive/texmf-dist/tex/latex/amsfonts/ueuf.fd)
(/usr/share/texlive/texmf-dist/tex/latex/microtype/mt-euf.cfg)
(./recovered/hko-cas-appendix/hko_core.py [92])) [93] [94] (build/main.aux) )</
usr/share/texlive/texmf-dist/fonts/type1/public/amsfonts/euler/eufm10.pfb></usr
/share/texmf/fonts/type1/public/lm/lmbx10.pfb></usr/share/texmf/fonts/type1/pub
lic/lm/lmbx12.pfb></usr/share/texmf/fonts/type1/public/lm/lmcsc10.pfb></usr/sha
re/texmf/fonts/type1/public/lm/lmex10.pfb></usr/share/texmf/fonts/type1/public/
lm/lmmi10.pfb></usr/share/texmf/fonts/type1/public/lm/lmmi6.pfb></usr/share/tex
mf/fonts/type1/public/lm/lmmi7.pfb></usr/share/texmf/fonts/type1/public/lm/lmmi
8.pfb></usr/share/texmf/fonts/type1/public/lm/lmmi9.pfb></usr/share/texmf/fonts
/type1/public/lm/lmr10.pfb></usr/share/texmf/fonts/type1/public/lm/lmr12.pfb></
usr/share/texmf/fonts/type1/public/lm/lmr17.pfb></usr/share/texmf/fonts/type1/p
ublic/lm/lmr6.pfb></usr/share/texmf/fonts/type1/public/lm/lmr7.pfb></usr/share/
texmf/fonts/type1/public/lm/lmr8.pfb></usr/share/texmf/fonts/type1/public/lm/lm
r9.pfb></usr/share/texmf/fonts/type1/public/lm/lmri10.pfb></usr/share/texmf/fon
ts/type1/public/lm/lmss8.pfb></usr/share/texmf/fonts/type1/public/lm/lmsy10.pfb
></usr/share/texmf/fonts/type1/public/lm/lmsy8.pfb></usr/share/texmf/fonts/type
1/public/lm/lmsy9.pfb></usr/share/texmf/fonts/type1/public/lm/lmtk10.pfb></usr/
share/texmf/fonts/type1/public/lm/lmtt10.pfb></usr/share/texmf/fonts/type1/publ
ic/lm/lmtt9.pfb></usr/share/texmf/fonts/type1/public/lm/lmtti10.pfb></usr/share
/texlive/texmf-dist/fonts/type1/public/amsfonts/symbols/msbm10.pfb>
Output written on build/main.pdf (94 pages, 1720601 bytes).
Transcript written on build/main.log.
Latexmk: Getting log file 'build/main.log'
Latexmk: Examining 'build/main.fls'
Latexmk: Examining 'build/main.log'
Latexmk: Found input bbl file 'build/main.bbl'
Latexmk: Log file says output to 'build/main.pdf'
Latexmk: Bibliography file(s) from .bcf file:
  ds-complete-draft/references.bib
  legacy/bibliography.bib
  recovered/ai-writing/references.bib
  recovered/thesis-candidate/additional.bib
Latexmk: applying rule 'pdflatex'...
Rule 'pdflatex':  Reasons for rerun
Changed files or newly in use/created:
  build/main.run.xml

------------
Run number 4 of rule 'pdflatex'
------------
------------
Running 'pdflatex  -interaction=nonstopmode -halt-on-error -recorder -output-directory="build"  "main.tex"'
------------
This is pdfTeX, Version 3.141592653-2.6-1.40.25 (TeX Live 2023/Debian) (preloaded format=pdflatex)
 restricted \write18 enabled.
entering extended mode
(./main.tex
LaTeX2e <2023-11-01> patch level 1
L3 programming layer <2024-01-22>
(/usr/share/texlive/texmf-dist/tex/latex/base/article.cls
Document Class: article 2023/05/17 v1.4n Standard LaTeX document class
(/usr/share/texlive/texmf-dist/tex/latex/base/size11.clo))
(/usr/share/texlive/texmf-dist/tex/latex/geometry/geometry.sty
(/usr/share/texlive/texmf-dist/tex/latex/graphics/keyval.sty)
(/usr/share/texlive/texmf-dist/tex/generic/iftex/ifvtex.sty
(/usr/share/texlive/texmf-dist/tex/generic/iftex/iftex.sty)))
(/usr/share/texlive/texmf-dist/tex/latex/amsmath/amsmath.sty
For additional information on amsmath, use the `?' option.
(/usr/share/texlive/texmf-dist/tex/latex/amsmath/amstext.sty
(/usr/share/texlive/texmf-dist/tex/latex/amsmath/amsgen.sty))
(/usr/share/texlive/texmf-dist/tex/latex/amsmath/amsbsy.sty)
(/usr/share/texlive/texmf-dist/tex/latex/amsmath/amsopn.sty))
(/usr/share/texlive/texmf-dist/tex/latex/amsfonts/amssymb.sty
(/usr/share/texlive/texmf-dist/tex/latex/amsfonts/amsfonts.sty))
(/usr/share/texlive/texmf-dist/tex/latex/amscls/amsthm.sty)
(/usr/share/texlive/texmf-dist/tex/latex/booktabs/booktabs.sty)
(/usr/share/texlive/texmf-dist/tex/latex/tools/longtable.sty)
(/usr/share/texlive/texmf-dist/tex/latex/tools/array.sty)
(/usr/share/texlive/texmf-dist/tex/latex/microtype/microtype.sty
(/usr/share/texlive/texmf-dist/tex/latex/etoolbox/etoolbox.sty)
(/usr/share/texlive/texmf-dist/tex/latex/microtype/microtype-pdftex.def)
(/usr/share/texlive/texmf-dist/tex/latex/microtype/microtype.cfg))
(/usr/share/texlive/texmf-dist/tex/latex/base/fontenc.sty)
(/usr/share/texmf/tex/latex/lm/lmodern.sty)
(/usr/share/texlive/texmf-dist/tex/latex/mathtools/mathtools.sty
(/usr/share/texlive/texmf-dist/tex/latex/tools/calc.sty)
(/usr/share/texlive/texmf-dist/tex/latex/mathtools/mhsetup.sty))
(/usr/share/texlive/texmf-dist/tex/latex/graphics/graphicx.sty
(/usr/share/texlive/texmf-dist/tex/latex/graphics/graphics.sty
(/usr/share/texlive/texmf-dist/tex/latex/graphics/trig.sty)
(/usr/share/texlive/texmf-dist/tex/latex/graphics-cfg/graphics.cfg)
(/usr/share/texlive/texmf-dist/tex/latex/graphics-def/pdftex.def)))
(/usr/share/texlive/texmf-dist/tex/latex/needspace/needspace.sty)
(/usr/share/texlive/texmf-dist/tex/latex/placeins/placeins.sty)
(/usr/share/texlive/texmf-dist/tex/latex/xcolor/xcolor.sty
(/usr/share/texlive/texmf-dist/tex/latex/graphics-cfg/color.cfg)
(/usr/share/texlive/texmf-dist/tex/latex/graphics/mathcolor.ltx))
(/usr/share/texlive/texmf-dist/tex/latex/listings/listings.sty
(/usr/share/texlive/texmf-dist/tex/latex/listings/lstmisc.sty)
(/usr/share/texlive/texmf-dist/tex/latex/listings/listings.cfg))
(/usr/share/texlive/texmf-dist/tex/latex/hyperref/hyperref.sty
(/usr/share/texlive/texmf-dist/tex/latex/kvsetkeys/kvsetkeys.sty)
(/usr/share/texlive/texmf-dist/tex/generic/kvdefinekeys/kvdefinekeys.sty)
(/usr/share/texlive/texmf-dist/tex/generic/pdfescape/pdfescape.sty
(/usr/share/texlive/texmf-dist/tex/generic/ltxcmds/ltxcmds.sty)
(/usr/share/texlive/texmf-dist/tex/generic/pdftexcmds/pdftexcmds.sty
(/usr/share/texlive/texmf-dist/tex/generic/infwarerr/infwarerr.sty)))
(/usr/share/texlive/texmf-dist/tex/latex/hycolor/hycolor.sty)
(/usr/share/texlive/texmf-dist/tex/latex/auxhook/auxhook.sty)
(/usr/share/texlive/texmf-dist/tex/latex/hyperref/nameref.sty
(/usr/share/texlive/texmf-dist/tex/latex/refcount/refcount.sty)
(/usr/share/texlive/texmf-dist/tex/generic/gettitlestring/gettitlestring.sty
(/usr/share/texlive/texmf-dist/tex/latex/kvoptions/kvoptions.sty)))
(/usr/share/texlive/texmf-dist/tex/latex/hyperref/pd1enc.def)
(/usr/share/texlive/texmf-dist/tex/generic/intcalc/intcalc.sty)
(/usr/share/texlive/texmf-dist/tex/latex/hyperref/puenc.def)
(/usr/share/texlive/texmf-dist/tex/latex/url/url.sty)
(/usr/share/texlive/texmf-dist/tex/generic/bitset/bitset.sty
(/usr/share/texlive/texmf-dist/tex/generic/bigintcalc/bigintcalc.sty))
(/usr/share/texlive/texmf-dist/tex/latex/base/atbegshi-ltx.sty))
(/usr/share/texlive/texmf-dist/tex/latex/hyperref/hpdftex.def
(/usr/share/texlive/texmf-dist/tex/latex/base/atveryend-ltx.sty)
(/usr/share/texlive/texmf-dist/tex/latex/rerunfilecheck/rerunfilecheck.sty
(/usr/share/texlive/texmf-dist/tex/generic/uniquecounter/uniquecounter.sty)))
(/usr/share/texlive/texmf-dist/tex/latex/biblatex/biblatex.sty
(/usr/share/texlive/texmf-dist/tex/latex/logreq/logreq.sty
(/usr/share/texlive/texmf-dist/tex/latex/logreq/logreq.def))
(/usr/share/texlive/texmf-dist/tex/latex/base/ifthen.sty)
(/usr/share/texlive/texmf-dist/tex/latex/biblatex/blx-dm.def)
(/usr/share/texlive/texmf-dist/tex/latex/biblatex/blx-compat.def)
(/usr/share/texlive/texmf-dist/tex/latex/biblatex/biblatex.def)
(/usr/share/texlive/texmf-dist/tex/latex/biblatex/bbx/alphabetic.bbx
(/usr/share/texlive/texmf-dist/tex/latex/biblatex/bbx/standard.bbx))
(/usr/share/texlive/texmf-dist/tex/latex/biblatex/cbx/alphabetic.cbx)
(/usr/share/texlive/texmf-dist/tex/latex/biblatex/biblatex.cfg)
(/usr/share/texlive/texmf-dist/tex/latex/l3kernel/expl3.sty
(/usr/share/texlive/texmf-dist/tex/latex/l3backend/l3backend-pdftex.def))
(/usr/share/texlive/texmf-dist/tex/latex/biblatex/blx-case-expl3.sty
(/usr/share/texlive/texmf-dist/tex/latex/l3packages/xparse/xparse.sty)))
(legacy/preamble.tex
(/usr/share/texlive/texmf-dist/tex/latex/mdframed/mdframed.sty
(/usr/share/texlive/texmf-dist/tex/latex/zref/zref-abspage.sty
(/usr/share/texlive/texmf-dist/tex/latex/zref/zref-base.sty
(/usr/share/texlive/texmf-dist/tex/generic/etexcmds/etexcmds.sty)))
(/usr/share/texlive/texmf-dist/tex/latex/mdframed/md-frame-0.mdf)))
(/usr/share/texmf/tex/latex/lm/t1lmr.fd) (build/main.aux)
*geometry* driver: auto-detecting
*geometry* detected driver: pdftex
(/usr/share/texlive/texmf-dist/tex/latex/microtype/mt-cmr.cfg)
(/usr/share/texlive/texmf-dist/tex/context/base/mkii/supp-pdf.mkii
[Loading MPS to PDF converter (version 2006.09.02).]
) (/usr/share/texlive/texmf-dist/tex/latex/epstopdf-pkg/epstopdf-base.sty
(/usr/share/texlive/texmf-dist/tex/latex/latexconfig/epstopdf-sys.cfg))
(build/main.out) (build/main.out)
(/usr/share/texlive/texmf-dist/tex/latex/biblatex/lbx/english.lbx)
(build/main.bbl) (/usr/share/texmf/tex/latex/lm/ot1lmr.fd)
(/usr/share/texmf/tex/latex/lm/omllmm.fd)
(/usr/share/texmf/tex/latex/lm/omslmsy.fd)
(/usr/share/texmf/tex/latex/lm/omxlmex.fd)
(/usr/share/texlive/texmf-dist/tex/latex/amsfonts/umsa.fd)
(/usr/share/texlive/texmf-dist/tex/latex/microtype/mt-msa.cfg)
(/usr/share/texlive/texmf-dist/tex/latex/amsfonts/umsb.fd)
(/usr/share/texlive/texmf-dist/tex/latex/microtype/mt-msb.cfg)
(./recovered/thesis-candidate/00-abstract.tex) (./ai-use-disclosure.tex
[1{/var/lib/texmf/fonts/map/pdftex/updmap/pdftex.map}{/usr/share/texmf/fonts/en
c/dvips/lm/lm-ec.enc}{/usr/share/texmf/fonts/enc/dvips/lm/lm-rm.enc}{/usr/share
/texmf/fonts/enc/dvips/lm/lm-mathsy.enc}{/usr/share/texmf/fonts/enc/dvips/lm/lm
-mathit.enc}] [2]) (build/main.toc [3]) [4]
(./recovered/thesis-candidate/01-introduction.tex [5] [6{/usr/share/texmf/fonts
/enc/dvips/lm/lm-mathex.enc}] [7])
(./recovered/thesis-candidate/02-preliminaries.tex
(./recovered/thesis-candidate/02-preliminaries-convex-symplectic-notation.tex
[8]) (legacy/02-preliminaries-convex-hamiltonian-language.tex)
(./recovered/thesis-candidate/02-preliminaries-ehz-capacity.tex [9] [10 <legacy
/figures/foundations/characteristic-normalization.pdf>])
(legacy/02-preliminaries-polytope-input-language.tex)
(legacy/02-preliminaries-lagrangian-products.tex [11])
(./recovered/thesis-candidate/02-duality.tex [12 <legacy/figures/foundations/fa
cet-polarity.pdf>] [13] [14])) (./03-generalized-reeb-orbits-polytopes.tex
[15] [16] (/usr/share/texmf/tex/latex/lm/ot1lmss.fd) [17] [18] [19] [20])
(./04-quadratic-program.tex [21] [22] [23] [24] [25] [26] [27] [28])
(./05-flow-graph.tex [29] [30] (/usr/share/texmf/tex/latex/lm/t1lmtt.fd)
[31] [32 <legacy/figures/flow-graph/flow-graph-f6-tube-sequence.pdf>] [33]
[34] (legacy/05-flow-graph-ch2021-background-comparison.tex [35]))
(./recovered/thesis-candidate/06-variation.tex [36] [37] [38] [39]
(/usr/share/texmf/tex/latex/lm/ts1lmr.fd) [40{/usr/share/texmf/fonts/enc/dvips/
lm/lm-ts1.enc}]) (./recovered/thesis-candidate/07-hko.tex [41]
(./recovered/thesis-candidate/hko-lemma-geometry.tex [42] [43])
(./recovered/thesis-candidate/hko-lemma-bounds.tex [44] [45])
(./recovered/thesis-candidate/hko-lemma-conclusion.tex [46] [47 <./recovered/hk
o-figures/upper-bound-mechanisms.pdf>] [48 <./recovered/hko-figures/symmetry-ex
tension.pdf>]) [49] (./recovered/hko-writing/sections-readable.tex))
(./ds-complete-draft/chapter.tex [50] [51] [52 <./ds-complete-draft/figures/con
ditional-ridge-correlation.pdf>] [53 <./ds-complete-draft/figures/association-g
eneric.pdf>] [54 <./ds-complete-draft/figures/association-products.pdf>]
[55] [56] [57] [58] [59]) (./09-rotated-regular-polygons.tex [60] [61 <./figure
s/rotation-profile.png>] [62] [63]) (./pentagon-affine-draft/section.tex
[64] [65] [66]) (./product-rotation-draft/section.tex [67] [68])
(legacy/10-visualization-3d.tex) (./11-numerics.tex [69] [70 <legacy/figures/vi
sualization/viz-hypercube-ridges.png (PNG copy)> <legacy/figures/visualization/
viz-hko-pentagon-min-orbit.png (PNG copy)>] [71] [72])
(legacy/12-published-code-data.tex [73]) (./recovered/ai-writing/chapter.tex
[74] [75] [76]) (./recovered/thesis-candidate/14-conclusion.tex [77] [78])
(./ds-complete-draft/appendix.tex [79] [80] [81] [82] [83] [84] [85] [86 <./ds-
complete-draft/figures/hko-recovery-by-source-distance.pdf>] [87] [88 <./ds-com
plete-draft/figures/derivative-and-kkt-scale.pdf>] [89]) [90]
(./recovered/hko-cas-appendix/hko-cas-appendix.tex
(/usr/share/texlive/texmf-dist/tex/latex/listings/lstlang1.sty)
(./recovered/hko-cas-appendix/hko_core.py)
(./recovered/hko-cas-appendix/hko_core.py [91])
(./recovered/hko-cas-appendix/hko_core.py)
(/usr/share/texlive/texmf-dist/tex/latex/amsfonts/ueuf.fd)
(/usr/share/texlive/texmf-dist/tex/latex/microtype/mt-euf.cfg)
(./recovered/hko-cas-appendix/hko_core.py [92])) [93] [94] (build/main.aux) )</
usr/share/texlive/texmf-dist/fonts/type1/public/amsfonts/euler/eufm10.pfb></usr
/share/texmf/fonts/type1/public/lm/lmbx10.pfb></usr/share/texmf/fonts/type1/pub
lic/lm/lmbx12.pfb></usr/share/texmf/fonts/type1/public/lm/lmcsc10.pfb></usr/sha
re/texmf/fonts/type1/public/lm/lmex10.pfb></usr/share/texmf/fonts/type1/public/
lm/lmmi10.pfb></usr/share/texmf/fonts/type1/public/lm/lmmi6.pfb></usr/share/tex
mf/fonts/type1/public/lm/lmmi7.pfb></usr/share/texmf/fonts/type1/public/lm/lmmi
8.pfb></usr/share/texmf/fonts/type1/public/lm/lmmi9.pfb></usr/share/texmf/fonts
/type1/public/lm/lmr10.pfb></usr/share/texmf/fonts/type1/public/lm/lmr12.pfb></
usr/share/texmf/fonts/type1/public/lm/lmr17.pfb></usr/share/texmf/fonts/type1/p
ublic/lm/lmr6.pfb></usr/share/texmf/fonts/type1/public/lm/lmr7.pfb></usr/share/
texmf/fonts/type1/public/lm/lmr8.pfb></usr/share/texmf/fonts/type1/public/lm/lm
r9.pfb></usr/share/texmf/fonts/type1/public/lm/lmri10.pfb></usr/share/texmf/fon
ts/type1/public/lm/lmss8.pfb></usr/share/texmf/fonts/type1/public/lm/lmsy10.pfb
></usr/share/texmf/fonts/type1/public/lm/lmsy8.pfb></usr/share/texmf/fonts/type
1/public/lm/lmsy9.pfb></usr/share/texmf/fonts/type1/public/lm/lmtk10.pfb></usr/
share/texmf/fonts/type1/public/lm/lmtt10.pfb></usr/share/texmf/fonts/type1/publ
ic/lm/lmtt9.pfb></usr/share/texmf/fonts/type1/public/lm/lmtti10.pfb></usr/share
/texlive/texmf-dist/fonts/type1/public/amsfonts/symbols/msbm10.pfb>
Output written on build/main.pdf (94 pages, 1720601 bytes).
Transcript written on build/main.log.
Latexmk: Getting log file 'build/main.log'
Latexmk: Examining 'build/main.fls'
Latexmk: Examining 'build/main.log'
Latexmk: Found input bbl file 'build/main.bbl'
Latexmk: Log file says output to 'build/main.pdf'
Latexmk: Bibliography file(s) from .bcf file:
  ds-complete-draft/references.bib
  legacy/bibliography.bib
  recovered/ai-writing/references.bib
  recovered/thesis-candidate/additional.bib
Latexmk: All targets (build/main.pdf) are up-to-date

